Archive member included to satisfy reference by file (symbol)

c:/program files (x86)/atollic/truestudio for stm32 9.2.0/armtools/bin/../lib/gcc/arm-atollic-eabi/6.3.1/../../../../arm-atollic-eabi/lib/armv7e-m/fpu\libc_nano.a(lib_a-init.o)
                              src\startup_stm32f446xx.o (__libc_init_array)
c:/program files (x86)/atollic/truestudio for stm32 9.2.0/armtools/bin/../lib/gcc/arm-atollic-eabi/6.3.1/../../../../arm-atollic-eabi/lib/armv7e-m/fpu\libc_nano.a(lib_a-memcpy-stub.o)
                              src\main.o (memcpy)
c:/program files (x86)/atollic/truestudio for stm32 9.2.0/armtools/bin/../lib/gcc/arm-atollic-eabi/6.3.1/../../../../arm-atollic-eabi/lib/armv7e-m/fpu\libc_nano.a(lib_a-strlen.o)
                              src\tiny_printf.o (strlen)
c:/program files (x86)/atollic/truestudio for stm32 9.2.0/armtools/bin/../lib/gcc/arm-atollic-eabi/6.3.1/../../../../arm-atollic-eabi/lib/armv7e-m/fpu\libnosys.a(write.o)
                              src\tiny_printf.o (_write)
c:/program files (x86)/atollic/truestudio for stm32 9.2.0/armtools/bin/../lib/gcc/arm-atollic-eabi/6.3.1/../../../../arm-atollic-eabi/lib/armv7e-m/fpu\libnosys.a(errno.o)
                              c:/program files (x86)/atollic/truestudio for stm32 9.2.0/armtools/bin/../lib/gcc/arm-atollic-eabi/6.3.1/../../../../arm-atollic-eabi/lib/armv7e-m/fpu\libnosys.a(write.o) (errno)

Allocating common symbols
Common symbol       size              file

errno               0x4               c:/program files (x86)/atollic/truestudio for stm32 9.2.0/armtools/bin/../lib/gcc/arm-atollic-eabi/6.3.1/../../../../arm-atollic-eabi/lib/armv7e-m/fpu\libnosys.a(errno.o)

Discarded input sections

 .text          0x00000000        0x0 c:/program files (x86)/atollic/truestudio for stm32 9.2.0/armtools/bin/../lib/gcc/arm-atollic-eabi/6.3.1/armv7e-m/fpu/crti.o
 .data          0x00000000        0x0 c:/program files (x86)/atollic/truestudio for stm32 9.2.0/armtools/bin/../lib/gcc/arm-atollic-eabi/6.3.1/armv7e-m/fpu/crti.o
 .bss           0x00000000        0x0 c:/program files (x86)/atollic/truestudio for stm32 9.2.0/armtools/bin/../lib/gcc/arm-atollic-eabi/6.3.1/armv7e-m/fpu/crti.o
 .data          0x00000000        0x4 c:/program files (x86)/atollic/truestudio for stm32 9.2.0/armtools/bin/../lib/gcc/arm-atollic-eabi/6.3.1/armv7e-m/fpu/crtbegin.o
 .group         0x00000000        0x8 src\USB.o
 .group         0x00000000        0x8 src\USB.o
 .text          0x00000000        0x0 src\USB.o
 .data          0x00000000        0x0 src\USB.o
 .bss           0x00000000        0x0 src\USB.o
 .rodata._ZStL19piecewise_construct
                0x00000000        0x1 src\USB.o
 .text          0x00000000        0x0 src\initialisation.o
 .data          0x00000000        0x0 src\initialisation.o
 .bss           0x00000000        0x0 src\initialisation.o
 .text.NVIC_EnableIRQ
                0x00000000       0x34 src\initialisation.o
 .text.NVIC_SetPriority
                0x00000000       0x5c src\initialisation.o
 .rodata._ZStL19piecewise_construct
                0x00000000        0x1 src\initialisation.o
 .text._Z11InitSysTickv
                0x00000000       0x50 src\initialisation.o
 .text._Z15InitLCDHardwarev
                0x00000000      0x140 src\initialisation.o
 .text._Z21InitSampleAcquisitionv
                0x00000000       0x5c src\initialisation.o
 .text._Z17InitCoverageTimerv
                0x00000000       0x44 src\initialisation.o
 .text._Z17InitDebounceTimerv
                0x00000000       0x34 src\initialisation.o
 .text._Z12InitEncodersv
                0x00000000      0x1f8 src\initialisation.o
 .text._Z8InitUARTv
                0x00000000       0xa0 src\initialisation.o
 .text._Z7InitDACv
                0x00000000       0x48 src\initialisation.o
 .group         0x00000000        0x8 src\main.o
 .text          0x00000000        0x0 src\main.o
 .data          0x00000000        0x0 src\main.o
 .bss           0x00000000        0x0 src\main.o
 .rodata._ZStL19piecewise_construct
                0x00000000        0x1 src\main.o
 .bss.eventOcc  0x00000000        0x1 src\main.o
 .text          0x00000000       0x14 src\startup_stm32f446xx.o
 .data          0x00000000        0x0 src\startup_stm32f446xx.o
 .bss           0x00000000        0x0 src\startup_stm32f446xx.o
 .text          0x00000000        0x0 src\system_stm32f4xx.o
 .data          0x00000000        0x0 src\system_stm32f4xx.o
 .bss           0x00000000        0x0 src\system_stm32f4xx.o
 .text          0x00000000        0x0 src\tiny_printf.o
 .data          0x00000000        0x0 src\tiny_printf.o
 .bss           0x00000000        0x0 src\tiny_printf.o
 .text.ts_itoa  0x00000000       0x92 src\tiny_printf.o
 .text.ts_formatstring
                0x00000000      0x12e src\tiny_printf.o
 .text.ts_formatlength
                0x00000000      0x12c src\tiny_printf.o
 .text.siprintf
                0x00000000       0x2c src\tiny_printf.o
 .text.fiprintf
                0x00000000       0x9a src\tiny_printf.o
 .text.iprintf  0x00000000       0x92 src\tiny_printf.o
 .rodata        0x00000000        0x2 src\tiny_printf.o
 .text.fputs    0x00000000       0x68 src\tiny_printf.o
 .text.puts     0x00000000       0x58 src\tiny_printf.o
 .text.fwrite   0x00000000       0x38 src\tiny_printf.o
 .debug_info    0x00000000      0xc78 src\tiny_printf.o
 .debug_abbrev  0x00000000      0x262 src\tiny_printf.o
 .debug_aranges
                0x00000000       0x60 src\tiny_printf.o
 .debug_ranges  0x00000000       0x50 src\tiny_printf.o
 .debug_line    0x00000000      0x2bf src\tiny_printf.o
 .debug_str     0x00000000      0x66d src\tiny_printf.o
 .comment       0x00000000       0x7d src\tiny_printf.o
 .debug_frame   0x00000000      0x1bc src\tiny_printf.o
 .ARM.attributes
                0x00000000       0x39 src\tiny_printf.o
 .text          0x00000000        0x0 c:/program files (x86)/atollic/truestudio for stm32 9.2.0/armtools/bin/../lib/gcc/arm-atollic-eabi/6.3.1/../../../../arm-atollic-eabi/lib/armv7e-m/fpu\libc_nano.a(lib_a-init.o)
 .data          0x00000000        0x0 c:/program files (x86)/atollic/truestudio for stm32 9.2.0/armtools/bin/../lib/gcc/arm-atollic-eabi/6.3.1/../../../../arm-atollic-eabi/lib/armv7e-m/fpu\libc_nano.a(lib_a-init.o)
 .bss           0x00000000        0x0 c:/program files (x86)/atollic/truestudio for stm32 9.2.0/armtools/bin/../lib/gcc/arm-atollic-eabi/6.3.1/../../../../arm-atollic-eabi/lib/armv7e-m/fpu\libc_nano.a(lib_a-init.o)
 .text          0x00000000        0x0 c:/program files (x86)/atollic/truestudio for stm32 9.2.0/armtools/bin/../lib/gcc/arm-atollic-eabi/6.3.1/../../../../arm-atollic-eabi/lib/armv7e-m/fpu\libc_nano.a(lib_a-memcpy-stub.o)
 .data          0x00000000        0x0 c:/program files (x86)/atollic/truestudio for stm32 9.2.0/armtools/bin/../lib/gcc/arm-atollic-eabi/6.3.1/../../../../arm-atollic-eabi/lib/armv7e-m/fpu\libc_nano.a(lib_a-memcpy-stub.o)
 .bss           0x00000000        0x0 c:/program files (x86)/atollic/truestudio for stm32 9.2.0/armtools/bin/../lib/gcc/arm-atollic-eabi/6.3.1/../../../../arm-atollic-eabi/lib/armv7e-m/fpu\libc_nano.a(lib_a-memcpy-stub.o)
 .text          0x00000000       0x10 c:/program files (x86)/atollic/truestudio for stm32 9.2.0/armtools/bin/../lib/gcc/arm-atollic-eabi/6.3.1/../../../../arm-atollic-eabi/lib/armv7e-m/fpu\libc_nano.a(lib_a-strlen.o)
 .data          0x00000000        0x0 c:/program files (x86)/atollic/truestudio for stm32 9.2.0/armtools/bin/../lib/gcc/arm-atollic-eabi/6.3.1/../../../../arm-atollic-eabi/lib/armv7e-m/fpu\libc_nano.a(lib_a-strlen.o)
 .bss           0x00000000        0x0 c:/program files (x86)/atollic/truestudio for stm32 9.2.0/armtools/bin/../lib/gcc/arm-atollic-eabi/6.3.1/../../../../arm-atollic-eabi/lib/armv7e-m/fpu\libc_nano.a(lib_a-strlen.o)
 .ARM.attributes
                0x00000000       0x1b c:/program files (x86)/atollic/truestudio for stm32 9.2.0/armtools/bin/../lib/gcc/arm-atollic-eabi/6.3.1/../../../../arm-atollic-eabi/lib/armv7e-m/fpu\libc_nano.a(lib_a-strlen.o)
 .text          0x00000000        0x0 c:/program files (x86)/atollic/truestudio for stm32 9.2.0/armtools/bin/../lib/gcc/arm-atollic-eabi/6.3.1/../../../../arm-atollic-eabi/lib/armv7e-m/fpu\libnosys.a(write.o)
 .data          0x00000000        0x0 c:/program files (x86)/atollic/truestudio for stm32 9.2.0/armtools/bin/../lib/gcc/arm-atollic-eabi/6.3.1/../../../../arm-atollic-eabi/lib/armv7e-m/fpu\libnosys.a(write.o)
 .bss           0x00000000        0x0 c:/program files (x86)/atollic/truestudio for stm32 9.2.0/armtools/bin/../lib/gcc/arm-atollic-eabi/6.3.1/../../../../arm-atollic-eabi/lib/armv7e-m/fpu\libnosys.a(write.o)
 .stab          0x00000000       0x24 c:/program files (x86)/atollic/truestudio for stm32 9.2.0/armtools/bin/../lib/gcc/arm-atollic-eabi/6.3.1/../../../../arm-atollic-eabi/lib/armv7e-m/fpu\libnosys.a(write.o)
 .text._write   0x00000000       0x10 c:/program files (x86)/atollic/truestudio for stm32 9.2.0/armtools/bin/../lib/gcc/arm-atollic-eabi/6.3.1/../../../../arm-atollic-eabi/lib/armv7e-m/fpu\libnosys.a(write.o)
 .debug_frame   0x00000000       0x20 c:/program files (x86)/atollic/truestudio for stm32 9.2.0/armtools/bin/../lib/gcc/arm-atollic-eabi/6.3.1/../../../../arm-atollic-eabi/lib/armv7e-m/fpu\libnosys.a(write.o)
 .ARM.attributes
                0x00000000       0x34 c:/program files (x86)/atollic/truestudio for stm32 9.2.0/armtools/bin/../lib/gcc/arm-atollic-eabi/6.3.1/../../../../arm-atollic-eabi/lib/armv7e-m/fpu\libnosys.a(write.o)
 .text          0x00000000        0x0 c:/program files (x86)/atollic/truestudio for stm32 9.2.0/armtools/bin/../lib/gcc/arm-atollic-eabi/6.3.1/../../../../arm-atollic-eabi/lib/armv7e-m/fpu\libnosys.a(errno.o)
 .data          0x00000000        0x0 c:/program files (x86)/atollic/truestudio for stm32 9.2.0/armtools/bin/../lib/gcc/arm-atollic-eabi/6.3.1/../../../../arm-atollic-eabi/lib/armv7e-m/fpu\libnosys.a(errno.o)
 .bss           0x00000000        0x0 c:/program files (x86)/atollic/truestudio for stm32 9.2.0/armtools/bin/../lib/gcc/arm-atollic-eabi/6.3.1/../../../../arm-atollic-eabi/lib/armv7e-m/fpu\libnosys.a(errno.o)
 .ARM.attributes
                0x00000000       0x34 c:/program files (x86)/atollic/truestudio for stm32 9.2.0/armtools/bin/../lib/gcc/arm-atollic-eabi/6.3.1/../../../../arm-atollic-eabi/lib/armv7e-m/fpu\libnosys.a(errno.o)
 COMMON         0x00000000        0x4 c:/program files (x86)/atollic/truestudio for stm32 9.2.0/armtools/bin/../lib/gcc/arm-atollic-eabi/6.3.1/../../../../arm-atollic-eabi/lib/armv7e-m/fpu\libnosys.a(errno.o)
 .text          0x00000000        0x0 c:/program files (x86)/atollic/truestudio for stm32 9.2.0/armtools/bin/../lib/gcc/arm-atollic-eabi/6.3.1/armv7e-m/fpu/crtend.o
 .data          0x00000000        0x0 c:/program files (x86)/atollic/truestudio for stm32 9.2.0/armtools/bin/../lib/gcc/arm-atollic-eabi/6.3.1/armv7e-m/fpu/crtend.o
 .bss           0x00000000        0x0 c:/program files (x86)/atollic/truestudio for stm32 9.2.0/armtools/bin/../lib/gcc/arm-atollic-eabi/6.3.1/armv7e-m/fpu/crtend.o
 .eh_frame      0x00000000        0x4 c:/program files (x86)/atollic/truestudio for stm32 9.2.0/armtools/bin/../lib/gcc/arm-atollic-eabi/6.3.1/armv7e-m/fpu/crtend.o
 .ARM.attributes
                0x00000000       0x34 c:/program files (x86)/atollic/truestudio for stm32 9.2.0/armtools/bin/../lib/gcc/arm-atollic-eabi/6.3.1/armv7e-m/fpu/crtend.o
 .text          0x00000000        0x0 c:/program files (x86)/atollic/truestudio for stm32 9.2.0/armtools/bin/../lib/gcc/arm-atollic-eabi/6.3.1/armv7e-m/fpu/crtn.o
 .data          0x00000000        0x0 c:/program files (x86)/atollic/truestudio for stm32 9.2.0/armtools/bin/../lib/gcc/arm-atollic-eabi/6.3.1/armv7e-m/fpu/crtn.o
 .bss           0x00000000        0x0 c:/program files (x86)/atollic/truestudio for stm32 9.2.0/armtools/bin/../lib/gcc/arm-atollic-eabi/6.3.1/armv7e-m/fpu/crtn.o

Memory Configuration

Name             Origin             Length             Attributes
FLASH            0x08000000         0x00080000         xr
RAM              0x20000000         0x00020000         xrw
MEMORY_B1        0x60000000         0x00000000         xr
*default*        0x00000000         0xffffffff

Linker script and memory map

LOAD c:/program files (x86)/atollic/truestudio for stm32 9.2.0/armtools/bin/../lib/gcc/arm-atollic-eabi/6.3.1/armv7e-m/fpu/crti.o
LOAD c:/program files (x86)/atollic/truestudio for stm32 9.2.0/armtools/bin/../lib/gcc/arm-atollic-eabi/6.3.1/armv7e-m/fpu/crtbegin.o
LOAD src\USB.o
LOAD src\initialisation.o
LOAD src\main.o
LOAD src\startup_stm32f446xx.o
LOAD src\system_stm32f4xx.o
LOAD src\tiny_printf.o
                0x00001000                malloc_getpagesize_P = 0x1000
START GROUP
LOAD c:/program files (x86)/atollic/truestudio for stm32 9.2.0/armtools/bin/../lib/gcc/arm-atollic-eabi/6.3.1/../../../../arm-atollic-eabi/lib/armv7e-m/fpu\libstdc++_nano.a
LOAD c:/program files (x86)/atollic/truestudio for stm32 9.2.0/armtools/bin/../lib/gcc/arm-atollic-eabi/6.3.1/../../../../arm-atollic-eabi/lib/armv7e-m/fpu\libsupc++_nano.a
END GROUP
LOAD c:/program files (x86)/atollic/truestudio for stm32 9.2.0/armtools/bin/../lib/gcc/arm-atollic-eabi/6.3.1/../../../../arm-atollic-eabi/lib/armv7e-m/fpu\libstdc++_nano.a
LOAD c:/program files (x86)/atollic/truestudio for stm32 9.2.0/armtools/bin/../lib/gcc/arm-atollic-eabi/6.3.1/../../../../arm-atollic-eabi/lib/armv7e-m/fpu\libm.a
LOAD c:/program files (x86)/atollic/truestudio for stm32 9.2.0/armtools/bin/../lib/gcc/arm-atollic-eabi/6.3.1/../../../../arm-atollic-eabi/lib/armv7e-m/fpu\libc_nano.a
START GROUP
LOAD c:/program files (x86)/atollic/truestudio for stm32 9.2.0/armtools/bin/../lib/gcc/arm-atollic-eabi/6.3.1/armv7e-m/fpu\libgcc.a
LOAD c:/program files (x86)/atollic/truestudio for stm32 9.2.0/armtools/bin/../lib/gcc/arm-atollic-eabi/6.3.1/../../../../arm-atollic-eabi/lib/armv7e-m/fpu\libc_nano.a
END GROUP
START GROUP
LOAD c:/program files (x86)/atollic/truestudio for stm32 9.2.0/armtools/bin/../lib/gcc/arm-atollic-eabi/6.3.1/armv7e-m/fpu\libgcc.a
LOAD c:/program files (x86)/atollic/truestudio for stm32 9.2.0/armtools/bin/../lib/gcc/arm-atollic-eabi/6.3.1/../../../../arm-atollic-eabi/lib/armv7e-m/fpu\libc_nano.a
LOAD c:/program files (x86)/atollic/truestudio for stm32 9.2.0/armtools/bin/../lib/gcc/arm-atollic-eabi/6.3.1/../../../../arm-atollic-eabi/lib/armv7e-m/fpu\libnosys.a
END GROUP
START GROUP
LOAD c:/program files (x86)/atollic/truestudio for stm32 9.2.0/armtools/bin/../lib/gcc/arm-atollic-eabi/6.3.1/armv7e-m/fpu\libgcc.a
LOAD c:/program files (x86)/atollic/truestudio for stm32 9.2.0/armtools/bin/../lib/gcc/arm-atollic-eabi/6.3.1/../../../../arm-atollic-eabi/lib/armv7e-m/fpu\libc_nano.a
LOAD c:/program files (x86)/atollic/truestudio for stm32 9.2.0/armtools/bin/../lib/gcc/arm-atollic-eabi/6.3.1/../../../../arm-atollic-eabi/lib/armv7e-m/fpu\libnosys.a
END GROUP
LOAD c:/program files (x86)/atollic/truestudio for stm32 9.2.0/armtools/bin/../lib/gcc/arm-atollic-eabi/6.3.1/armv7e-m/fpu/crtend.o
LOAD c:/program files (x86)/atollic/truestudio for stm32 9.2.0/armtools/bin/../lib/gcc/arm-atollic-eabi/6.3.1/armv7e-m/fpu/crtn.o
                0x20020000                _estack = 0x20020000
                0x00000000                _Min_Heap_Size = 0x0
                0x00000400                _Min_Stack_Size = 0x400

.isr_vector     0x08000000      0x1c4
                0x08000000                . = ALIGN (0x4)
 *(.isr_vector)
 .isr_vector    0x08000000      0x1c4 src\startup_stm32f446xx.o
                0x08000000                g_pfnVectors
                0x080001c4                . = ALIGN (0x4)

.text           0x080001c4     0x1a24
                0x080001c4                . = ALIGN (0x4)
 *(.text)
 .text          0x080001c4       0x40 c:/program files (x86)/atollic/truestudio for stm32 9.2.0/armtools/bin/../lib/gcc/arm-atollic-eabi/6.3.1/armv7e-m/fpu/crtbegin.o
 *(.text*)
 .text.NVIC_EnableIRQ
                0x08000204       0x34 src\USB.o
 .text.NVIC_SetPriority
                0x08000238       0x5c src\USB.o
 .text._ZSt3minItERKT_S2_S2_
                0x08000294       0x2a src\USB.o
                0x08000294                unsigned short const& std::min<unsigned short>(unsigned short const&, unsigned short const&)
 *fill*         0x080002be        0x2 
 .text._ZN3USB19USBInterruptHandlerEv
                0x080002c0      0x858 src\USB.o
                0x080002c0                USB::USBInterruptHandler()
 .text._ZN3USB7InitUSBEv
                0x08000b18      0x190 src\USB.o
                0x08000b18                USB::InitUSB()
 .text._ZN3USB20USB_ActivateEndpointEmbh
                0x08000ca8      0x10c src\USB.o
                0x08000ca8                USB::USB_ActivateEndpoint(unsigned long, bool, unsigned char)
 .text._ZN3USB14USB_ReadPacketEPmt
                0x08000db4       0x4c src\USB.o
                0x08000db4                USB::USB_ReadPacket(unsigned long*, unsigned short)
 .text._ZN3USB15USB_WritePacketEPhmt
                0x08000e00       0x52 src\USB.o
                0x08000e00                USB::USB_WritePacket(unsigned char*, unsigned long, unsigned short)
 .text._ZSt3minImERKT_S2_S2_
                0x08000e52       0x28 src\USB.o
                0x08000e52                unsigned long const& std::min<unsigned long>(unsigned long const&, unsigned long const&)
 *fill*         0x08000e7a        0x2 
 .text._ZN3USB18USBD_GetDescriptorE10usbRequest
                0x08000e7c      0x294 src\USB.o
                0x08000e7c                USB::USBD_GetDescriptor(usbRequest)
 .text._ZN3USB14USBD_GetStringEPhS0_
                0x08001110       0x60 src\USB.o
                0x08001110                USB::USBD_GetString(unsigned char*, unsigned char*)
 .text._ZN3USB12IntToUnicodeEmPhh
                0x08001170       0x78 src\USB.o
                0x08001170                USB::IntToUnicode(unsigned long, unsigned char*, unsigned char)
 .text._ZN3USB14USBD_StdDevReqE10usbRequest
                0x080011e8      0x100 src\USB.o
                0x080011e8                USB::USBD_StdDevReq(usbRequest)
 .text._ZN3USB16USB_EP0StartXferEbhm
                0x080012e8      0x214 src\USB.o
                0x080012e8                USB::USB_EP0StartXfer(bool, unsigned char, unsigned long)
 .text._ZN3USB14USB_EPSetStallEh
                0x080014fc       0xa4 src\USB.o
                0x080014fc                USB::USB_EPSetStall(unsigned char)
 .text._ZN3USB18USB_ReadInterruptsEm
                0x080015a0       0x8c src\USB.o
                0x080015a0                USB::USB_ReadInterrupts(unsigned long)
 .text._ZN3USB10SendReportEPht
                0x0800162c       0x4e src\USB.o
                0x0800162c                USB::SendReport(unsigned char*, unsigned short)
 *fill*         0x0800167a        0x2 
 .text._Z18SystemClock_Configv
                0x0800167c       0xf0 src\initialisation.o
                0x0800167c                SystemClock_Config()
 .text._Z10InitBtnLEDv
                0x0800176c       0x48 src\initialisation.o
                0x0800176c                InitBtnLED()
 .text._ZN3USBC2Ev
                0x080017b4       0xb8 src\main.o
                0x080017b4                USB::USB()
                0x080017b4                USB::USB()
 .text.OTG_FS_IRQHandler
                0x0800186c       0x14 src\main.o
                0x0800186c                OTG_FS_IRQHandler
 .text.NMI_Handler
                0x08001880        0xe src\main.o
                0x08001880                NMI_Handler
 .text.HardFault_Handler
                0x0800188e        0x6 src\main.o
                0x0800188e                HardFault_Handler
 .text.MemManage_Handler
                0x08001894        0x6 src\main.o
                0x08001894                MemManage_Handler
 .text.BusFault_Handler
                0x0800189a        0x6 src\main.o
                0x0800189a                BusFault_Handler
 .text.UsageFault_Handler
                0x080018a0        0x6 src\main.o
                0x080018a0                UsageFault_Handler
 .text.SVC_Handler
                0x080018a6        0xe src\main.o
                0x080018a6                SVC_Handler
 .text.DebugMon_Handler
                0x080018b4        0xe src\main.o
                0x080018b4                DebugMon_Handler
 .text.PendSV_Handler
                0x080018c2        0xe src\main.o
                0x080018c2                PendSV_Handler
 .text.SysTick_Handler
                0x080018d0        0xe src\main.o
                0x080018d0                SysTick_Handler
 *fill*         0x080018de        0x2 
 .text.main     0x080018e0       0x9c src\main.o
                0x080018e0                main
 .text._Z41__static_initialization_and_destruction_0ii
                0x0800197c       0x2c src\main.o
 .text._GLOBAL__sub_I_usb
                0x080019a8       0x10 src\main.o
 .text.Reset_Handler
                0x080019b8       0x50 src\startup_stm32f446xx.o
                0x080019b8                Reset_Handler
 .text.Default_Handler
                0x08001a08        0x2 src\startup_stm32f446xx.o
                0x08001a08                RTC_Alarm_IRQHandler
                0x08001a08                EXTI2_IRQHandler
                0x08001a08                TIM8_CC_IRQHandler
                0x08001a08                SPI4_IRQHandler
                0x08001a08                TIM1_CC_IRQHandler
                0x08001a08                QuadSPI_IRQHandler
                0x08001a08                DMA2_Stream5_IRQHandler
                0x08001a08                DMA1_Stream5_IRQHandler
                0x08001a08                PVD_IRQHandler
                0x08001a08                SDIO_IRQHandler
                0x08001a08                TAMP_STAMP_IRQHandler
                0x08001a08                CAN2_RX1_IRQHandler
                0x08001a08                EXTI3_IRQHandler
                0x08001a08                TIM8_TRG_COM_TIM14_IRQHandler
                0x08001a08                TIM1_UP_TIM10_IRQHandler
                0x08001a08                TIM8_UP_TIM13_IRQHandler
                0x08001a08                I2C3_ER_IRQHandler
                0x08001a08                FMPI2C1_Event_IRQHandler
                0x08001a08                EXTI0_IRQHandler
                0x08001a08                I2C2_EV_IRQHandler
                0x08001a08                DMA1_Stream2_IRQHandler
                0x08001a08                CAN1_RX0_IRQHandler
                0x08001a08                FPU_IRQHandler
                0x08001a08                OTG_HS_WKUP_IRQHandler
                0x08001a08                CAN2_SCE_IRQHandler
                0x08001a08                DMA2_Stream2_IRQHandler
                0x08001a08                SPI1_IRQHandler
                0x08001a08                TIM6_DAC_IRQHandler
                0x08001a08                TIM1_BRK_TIM9_IRQHandler
                0x08001a08                DCMI_IRQHandler
                0x08001a08                CAN2_RX0_IRQHandler
                0x08001a08                DMA2_Stream3_IRQHandler
                0x08001a08                SAI2_IRQHandler
                0x08001a08                USART6_IRQHandler
                0x08001a08                USART3_IRQHandler
                0x08001a08                CAN1_RX1_IRQHandler
                0x08001a08                UART5_IRQHandler
                0x08001a08                DMA2_Stream0_IRQHandler
                0x08001a08                TIM4_IRQHandler
                0x08001a08                I2C1_EV_IRQHandler
                0x08001a08                DMA1_Stream6_IRQHandler
                0x08001a08                DMA1_Stream1_IRQHandler
                0x08001a08                UART4_IRQHandler
                0x08001a08                TIM3_IRQHandler
                0x08001a08                RCC_IRQHandler
                0x08001a08                TIM8_BRK_TIM12_IRQHandler
                0x08001a08                Default_Handler
                0x08001a08                CEC_IRQHandler
                0x08001a08                EXTI15_10_IRQHandler
                0x08001a08                ADC_IRQHandler
                0x08001a08                DMA1_Stream7_IRQHandler
                0x08001a08                TIM7_IRQHandler
                0x08001a08                CAN2_TX_IRQHandler
                0x08001a08                TIM5_IRQHandler
                0x08001a08                DMA2_Stream7_IRQHandler
                0x08001a08                I2C3_EV_IRQHandler
                0x08001a08                EXTI9_5_IRQHandler
                0x08001a08                RTC_WKUP_IRQHandler
                0x08001a08                SPDIF_RX_IRQHandler
                0x08001a08                SPI2_IRQHandler
                0x08001a08                OTG_HS_EP1_IN_IRQHandler
                0x08001a08                DMA1_Stream0_IRQHandler
                0x08001a08                CAN1_TX_IRQHandler
                0x08001a08                EXTI4_IRQHandler
                0x08001a08                OTG_HS_EP1_OUT_IRQHandler
                0x08001a08                WWDG_IRQHandler
                0x08001a08                TIM2_IRQHandler
                0x08001a08                OTG_FS_WKUP_IRQHandler
                0x08001a08                TIM1_TRG_COM_TIM11_IRQHandler
                0x08001a08                OTG_HS_IRQHandler
                0x08001a08                EXTI1_IRQHandler
                0x08001a08                USART2_IRQHandler
                0x08001a08                I2C2_ER_IRQHandler
                0x08001a08                DMA2_Stream1_IRQHandler
                0x08001a08                CAN1_SCE_IRQHandler
                0x08001a08                FLASH_IRQHandler
                0x08001a08                DMA2_Stream4_IRQHandler
                0x08001a08                USART1_IRQHandler
                0x08001a08                SPI3_IRQHandler
                0x08001a08                DMA1_Stream4_IRQHandler
                0x08001a08                I2C1_ER_IRQHandler
                0x08001a08                FMC_IRQHandler
                0x08001a08                DMA2_Stream6_IRQHandler
                0x08001a08                SAI1_IRQHandler
                0x08001a08                DMA1_Stream3_IRQHandler
                0x08001a08                FMPI2C1_Error_IRQHandler
 *fill*         0x08001a0a        0x2 
 .text.SystemInit
                0x08001a0c       0x6c src\system_stm32f4xx.o
                0x08001a0c                SystemInit
 .text.SystemCoreClockUpdate
                0x08001a78       0xf8 src\system_stm32f4xx.o
                0x08001a78                SystemCoreClockUpdate
 .text.__libc_init_array
                0x08001b70       0x48 c:/program files (x86)/atollic/truestudio for stm32 9.2.0/armtools/bin/../lib/gcc/arm-atollic-eabi/6.3.1/../../../../arm-atollic-eabi/lib/armv7e-m/fpu\libc_nano.a(lib_a-init.o)
                0x08001b70                __libc_init_array
 .text.memcpy   0x08001bb8       0x16 c:/program files (x86)/atollic/truestudio for stm32 9.2.0/armtools/bin/../lib/gcc/arm-atollic-eabi/6.3.1/../../../../arm-atollic-eabi/lib/armv7e-m/fpu\libc_nano.a(lib_a-memcpy-stub.o)
                0x08001bb8                memcpy
 *(.glue_7)
 .glue_7        0x08001bce        0x0 linker stubs
 *(.glue_7t)
 .glue_7t       0x08001bce        0x0 linker stubs
 *(.eh_frame)
 *fill*         0x08001bce        0x2 
 .eh_frame      0x08001bd0        0x0 c:/program files (x86)/atollic/truestudio for stm32 9.2.0/armtools/bin/../lib/gcc/arm-atollic-eabi/6.3.1/armv7e-m/fpu/crtbegin.o
 *(.init)
 .init          0x08001bd0        0x4 c:/program files (x86)/atollic/truestudio for stm32 9.2.0/armtools/bin/../lib/gcc/arm-atollic-eabi/6.3.1/armv7e-m/fpu/crti.o
                0x08001bd0                _init
 .init          0x08001bd4        0x8 c:/program files (x86)/atollic/truestudio for stm32 9.2.0/armtools/bin/../lib/gcc/arm-atollic-eabi/6.3.1/armv7e-m/fpu/crtn.o
 *(.fini)
 .fini          0x08001bdc        0x4 c:/program files (x86)/atollic/truestudio for stm32 9.2.0/armtools/bin/../lib/gcc/arm-atollic-eabi/6.3.1/armv7e-m/fpu/crti.o
                0x08001bdc                _fini
 .fini          0x08001be0        0x8 c:/program files (x86)/atollic/truestudio for stm32 9.2.0/armtools/bin/../lib/gcc/arm-atollic-eabi/6.3.1/armv7e-m/fpu/crtn.o
                0x08001be8                . = ALIGN (0x4)
                0x08001be8                _etext = .

.vfp11_veneer   0x08001be8        0x0
 .vfp11_veneer  0x08001be8        0x0 linker stubs

.v4_bx          0x08001be8        0x0
 .v4_bx         0x08001be8        0x0 linker stubs

.iplt           0x08001be8        0x0
 .iplt          0x08001be8        0x0 c:/program files (x86)/atollic/truestudio for stm32 9.2.0/armtools/bin/../lib/gcc/arm-atollic-eabi/6.3.1/armv7e-m/fpu/crtbegin.o

.rodata         0x08001be8       0xcc
                0x08001be8                . = ALIGN (0x4)
 *(.rodata)
 .rodata        0x08001be8       0x2d src\USB.o
 *fill*         0x08001c15        0x3 
 .rodata        0x08001c18       0x9a src\main.o
 *(.rodata*)
                0x08001cb4                . = ALIGN (0x4)
 *fill*         0x08001cb2        0x2 

.rel.dyn        0x08001cb4        0x0
 .rel.iplt      0x08001cb4        0x0 c:/program files (x86)/atollic/truestudio for stm32 9.2.0/armtools/bin/../lib/gcc/arm-atollic-eabi/6.3.1/armv7e-m/fpu/crtbegin.o

.ARM.extab
 *(.ARM.extab* .gnu.linkonce.armextab.*)

.ARM            0x08001cb4        0x0
                0x08001cb4                __exidx_start = .
 *(.ARM.exidx*)
                0x08001cb4                __exidx_end = .

.preinit_array  0x08001cb4        0x0
                0x08001cb4                PROVIDE (__preinit_array_start, .)
 *(.preinit_array*)
                0x08001cb4                PROVIDE (__preinit_array_end, .)

.init_array     0x08001cb4        0x8
                0x08001cb4                PROVIDE (__init_array_start, .)
 *(SORT(.init_array.*))
 *(.init_array*)
 .init_array    0x08001cb4        0x4 c:/program files (x86)/atollic/truestudio for stm32 9.2.0/armtools/bin/../lib/gcc/arm-atollic-eabi/6.3.1/armv7e-m/fpu/crtbegin.o
 .init_array    0x08001cb8        0x4 src\main.o
                0x08001cbc                PROVIDE (__init_array_end, .)

.fini_array     0x08001cbc        0x4
                [!provide]                PROVIDE (__fini_array_start, .)
 *(SORT(.fini_array.*))
 *(.fini_array*)
 .fini_array    0x08001cbc        0x4 c:/program files (x86)/atollic/truestudio for stm32 9.2.0/armtools/bin/../lib/gcc/arm-atollic-eabi/6.3.1/armv7e-m/fpu/crtbegin.o
                [!provide]                PROVIDE (__fini_array_end, .)
                0x08001cc0                _sidata = LOADADDR (.data)

.data           0x20000000       0x14 load address 0x08001cc0
                0x20000000                . = ALIGN (0x4)
                0x20000000                _sdata = .
 *(.data)
 *(.data*)
 .data.SystemCoreClock
                0x20000000        0x4 src\system_stm32f4xx.o
                0x20000000                SystemCoreClock
 .data.AHBPrescTable
                0x20000004       0x10 src\system_stm32f4xx.o
                0x20000004                AHBPrescTable
                0x20000014                . = ALIGN (0x4)
                0x20000014                _edata = .

.igot.plt       0x20000014        0x0 load address 0x08001cd4
 .igot.plt      0x20000014        0x0 c:/program files (x86)/atollic/truestudio for stm32 9.2.0/armtools/bin/../lib/gcc/arm-atollic-eabi/6.3.1/armv7e-m/fpu/crtbegin.o
                0x20000014                . = ALIGN (0x4)

.bss            0x20000014      0x6a0 load address 0x08001cd4
                0x20000014                _sbss = .
                0x20000014                __bss_start__ = _sbss
 *(.bss)
 .bss           0x20000014       0x1c c:/program files (x86)/atollic/truestudio for stm32 9.2.0/armtools/bin/../lib/gcc/arm-atollic-eabi/6.3.1/armv7e-m/fpu/crtbegin.o
 *(.bss*)
 .bss.usb       0x20000030      0x358 src\main.o
                0x20000030                usb
 .bss.usbEvents
                0x20000388      0x320 src\main.o
                0x20000388                usbEvents
 .bss.usbEventNo
                0x200006a8        0x1 src\main.o
                0x200006a8                usbEventNo
 *fill*         0x200006a9        0x3 
 .bss.mouseBuffer
                0x200006ac        0x4 src\main.o
                0x200006ac                mouseBuffer
 .bss.usbReady  0x200006b0        0x1 src\main.o
                0x200006b0                usbReady
 *(COMMON)
                0x200006b4                . = ALIGN (0x4)
 *fill*         0x200006b1        0x3 
                0x200006b4                _ebss = .
                0x200006b4                __bss_end__ = _ebss

._user_heap_stack
                0x200006b4      0x400 load address 0x08001cd4
                0x200006b4                . = ALIGN (0x4)
                [!provide]                PROVIDE (end, .)
                [!provide]                PROVIDE (_end, .)
                0x200006b4                . = (. + _Min_Heap_Size)
                0x20000ab4                . = (. + _Min_Stack_Size)
 *fill*         0x200006b4      0x400 
                0x20000ab4                . = ALIGN (0x4)

.memory_b1_text
 *(.mb1text)
 *(.mb1text*)
 *(.mb1rodata)
 *(.mb1rodata*)

/DISCARD/
 libc.a(*)
 libm.a(*)
 libgcc.a(*)

.ARM.attributes
                0x00000000       0x30
 *(.ARM.attributes)
 .ARM.attributes
                0x00000000       0x22 c:/program files (x86)/atollic/truestudio for stm32 9.2.0/armtools/bin/../lib/gcc/arm-atollic-eabi/6.3.1/armv7e-m/fpu/crti.o
 .ARM.attributes
                0x00000022       0x34 c:/program files (x86)/atollic/truestudio for stm32 9.2.0/armtools/bin/../lib/gcc/arm-atollic-eabi/6.3.1/armv7e-m/fpu/crtbegin.o
 .ARM.attributes
                0x00000056       0x39 src\USB.o
 .ARM.attributes
                0x0000008f       0x39 src\initialisation.o
 .ARM.attributes
                0x000000c8       0x39 src\main.o
 .ARM.attributes
                0x00000101       0x21 src\startup_stm32f446xx.o
 .ARM.attributes
                0x00000122       0x39 src\system_stm32f4xx.o
 .ARM.attributes
                0x0000015b       0x34 c:/program files (x86)/atollic/truestudio for stm32 9.2.0/armtools/bin/../lib/gcc/arm-atollic-eabi/6.3.1/../../../../arm-atollic-eabi/lib/armv7e-m/fpu\libc_nano.a(lib_a-init.o)
 .ARM.attributes
                0x0000018f       0x34 c:/program files (x86)/atollic/truestudio for stm32 9.2.0/armtools/bin/../lib/gcc/arm-atollic-eabi/6.3.1/../../../../arm-atollic-eabi/lib/armv7e-m/fpu\libc_nano.a(lib_a-memcpy-stub.o)
 .ARM.attributes
                0x000001c3       0x22 c:/program files (x86)/atollic/truestudio for stm32 9.2.0/armtools/bin/../lib/gcc/arm-atollic-eabi/6.3.1/armv7e-m/fpu/crtn.o
OUTPUT(USB_446.elf elf32-littlearm)

.debug_info     0x00000000     0x6066
 .debug_info    0x00000000     0x2685 src\USB.o
 .debug_info    0x00002685     0x1df2 src\initialisation.o
 .debug_info    0x00004477     0x1690 src\main.o
 .debug_info    0x00005b07       0x5c src\startup_stm32f446xx.o
 .debug_info    0x00005b63      0x503 src\system_stm32f4xx.o

.debug_abbrev   0x00000000     0x1034
 .debug_abbrev  0x00000000      0x590 src\USB.o
 .debug_abbrev  0x00000590      0x46a src\initialisation.o
 .debug_abbrev  0x000009fa      0x509 src\main.o
 .debug_abbrev  0x00000f03       0x12 src\startup_stm32f446xx.o
 .debug_abbrev  0x00000f15      0x11f src\system_stm32f4xx.o

.debug_aranges  0x00000000      0x1f0
 .debug_aranges
                0x00000000       0xa0 src\USB.o
 .debug_aranges
                0x000000a0       0x78 src\initialisation.o
 .debug_aranges
                0x00000118       0x88 src\main.o
 .debug_aranges
                0x000001a0       0x28 src\startup_stm32f446xx.o
 .debug_aranges
                0x000001c8       0x28 src\system_stm32f4xx.o

.debug_ranges   0x00000000      0x1a8
 .debug_ranges  0x00000000       0x90 src\USB.o
 .debug_ranges  0x00000090       0x68 src\initialisation.o
 .debug_ranges  0x000000f8       0x78 src\main.o
 .debug_ranges  0x00000170       0x20 src\startup_stm32f446xx.o
 .debug_ranges  0x00000190       0x18 src\system_stm32f4xx.o

.debug_line     0x00000000     0x19af
 .debug_line    0x00000000      0x992 src\USB.o
 .debug_line    0x00000992      0x6ee src\initialisation.o
 .debug_line    0x00001080      0x6dc src\main.o
 .debug_line    0x0000175c       0x7b src\startup_stm32f446xx.o
 .debug_line    0x000017d7      0x1d8 src\system_stm32f4xx.o

.debug_str      0x00000000     0x1f0e
 .debug_str     0x00000000     0x1988 src\USB.o
                               0x1b66 (size before relaxing)
 .debug_str     0x00001988      0x31f src\initialisation.o
                               0x1723 (size before relaxing)
 .debug_str     0x00001ca7      0x13b src\main.o
                               0x116e (size before relaxing)
 .debug_str     0x00001de2      0x12c src\system_stm32f4xx.o
                                0x39d (size before relaxing)

.comment        0x00000000       0x7c
 .comment       0x00000000       0x7c src\USB.o
                                 0x7d (size before relaxing)
 .comment       0x0000007c       0x7d src\initialisation.o
 .comment       0x0000007c       0x7d src\main.o
 .comment       0x0000007c       0x7d src\system_stm32f4xx.o

.debug_frame    0x00000000      0x6a0
 .debug_frame   0x00000000      0x2ac src\USB.o
 .debug_frame   0x000002ac      0x194 src\initialisation.o
 .debug_frame   0x00000440      0x1b4 src\main.o
 .debug_frame   0x000005f4       0x58 src\system_stm32f4xx.o
 .debug_frame   0x0000064c       0x2c c:/program files (x86)/atollic/truestudio for stm32 9.2.0/armtools/bin/../lib/gcc/arm-atollic-eabi/6.3.1/../../../../arm-atollic-eabi/lib/armv7e-m/fpu\libc_nano.a(lib_a-init.o)
 .debug_frame   0x00000678       0x28 c:/program files (x86)/atollic/truestudio for stm32 9.2.0/armtools/bin/../lib/gcc/arm-atollic-eabi/6.3.1/../../../../arm-atollic-eabi/lib/armv7e-m/fpu\libc_nano.a(lib_a-memcpy-stub.o)

.stabstr        0x00000000       0x3f
 .stabstr       0x00000000       0x3f c:/program files (x86)/atollic/truestudio for stm32 9.2.0/armtools/bin/../lib/gcc/arm-atollic-eabi/6.3.1/../../../../arm-atollic-eabi/lib/armv7e-m/fpu\libnosys.a(write.o)

Cross Reference Table

Symbol                                            File
ADC_IRQHandler                                    src\startup_stm32f446xx.o
AHBPrescTable                                     src\system_stm32f4xx.o
BusFault_Handler                                  src\main.o
CAN1_RX0_IRQHandler                               src\startup_stm32f446xx.o
CAN1_RX1_IRQHandler                               src\startup_stm32f446xx.o
CAN1_SCE_IRQHandler                               src\startup_stm32f446xx.o
CAN1_TX_IRQHandler                                src\startup_stm32f446xx.o
CAN2_RX0_IRQHandler                               src\startup_stm32f446xx.o
CAN2_RX1_IRQHandler                               src\startup_stm32f446xx.o
CAN2_SCE_IRQHandler                               src\startup_stm32f446xx.o
CAN2_TX_IRQHandler                                src\startup_stm32f446xx.o
CEC_IRQHandler                                    src\startup_stm32f446xx.o
DCMI_IRQHandler                                   src\startup_stm32f446xx.o
DMA1_Stream0_IRQHandler                           src\startup_stm32f446xx.o
DMA1_Stream1_IRQHandler                           src\startup_stm32f446xx.o
DMA1_Stream2_IRQHandler                           src\startup_stm32f446xx.o
DMA1_Stream3_IRQHandler                           src\startup_stm32f446xx.o
DMA1_Stream4_IRQHandler                           src\startup_stm32f446xx.o
DMA1_Stream5_IRQHandler                           src\startup_stm32f446xx.o
DMA1_Stream6_IRQHandler                           src\startup_stm32f446xx.o
DMA1_Stream7_IRQHandler                           src\startup_stm32f446xx.o
DMA2_Stream0_IRQHandler                           src\startup_stm32f446xx.o
DMA2_Stream1_IRQHandler                           src\startup_stm32f446xx.o
DMA2_Stream2_IRQHandler                           src\startup_stm32f446xx.o
DMA2_Stream3_IRQHandler                           src\startup_stm32f446xx.o
DMA2_Stream4_IRQHandler                           src\startup_stm32f446xx.o
DMA2_Stream5_IRQHandler                           src\startup_stm32f446xx.o
DMA2_Stream6_IRQHandler                           src\startup_stm32f446xx.o
DMA2_Stream7_IRQHandler                           src\startup_stm32f446xx.o
DebugMon_Handler                                  src\main.o
Default_Handler                                   src\startup_stm32f446xx.o
EXTI0_IRQHandler                                  src\startup_stm32f446xx.o
EXTI15_10_IRQHandler                              src\startup_stm32f446xx.o
EXTI1_IRQHandler                                  src\startup_stm32f446xx.o
EXTI2_IRQHandler                                  src\startup_stm32f446xx.o
EXTI3_IRQHandler                                  src\startup_stm32f446xx.o
EXTI4_IRQHandler                                  src\startup_stm32f446xx.o
EXTI9_5_IRQHandler                                src\startup_stm32f446xx.o
FLASH_IRQHandler                                  src\startup_stm32f446xx.o
FMC_IRQHandler                                    src\startup_stm32f446xx.o
FMPI2C1_Error_IRQHandler                          src\startup_stm32f446xx.o
FMPI2C1_Event_IRQHandler                          src\startup_stm32f446xx.o
FPU_IRQHandler                                    src\startup_stm32f446xx.o
HardFault_Handler                                 src\main.o
I2C1_ER_IRQHandler                                src\startup_stm32f446xx.o
I2C1_EV_IRQHandler                                src\startup_stm32f446xx.o
I2C2_ER_IRQHandler                                src\startup_stm32f446xx.o
I2C2_EV_IRQHandler                                src\startup_stm32f446xx.o
I2C3_ER_IRQHandler                                src\startup_stm32f446xx.o
I2C3_EV_IRQHandler                                src\startup_stm32f446xx.o
InitBtnLED()                                      src\initialisation.o
                                                  src\main.o
InitCoverageTimer()                               src\initialisation.o
InitDAC()                                         src\initialisation.o
InitDebounceTimer()                               src\initialisation.o
InitEncoders()                                    src\initialisation.o
InitLCDHardware()                                 src\initialisation.o
InitSampleAcquisition()                           src\initialisation.o
InitSysTick()                                     src\initialisation.o
InitUART()                                        src\initialisation.o
MemManage_Handler                                 src\main.o
NMI_Handler                                       src\main.o
OTG_FS_IRQHandler                                 src\main.o
OTG_FS_WKUP_IRQHandler                            src\startup_stm32f446xx.o
OTG_HS_EP1_IN_IRQHandler                          src\startup_stm32f446xx.o
OTG_HS_EP1_OUT_IRQHandler                         src\startup_stm32f446xx.o
OTG_HS_IRQHandler                                 src\startup_stm32f446xx.o
OTG_HS_WKUP_IRQHandler                            src\startup_stm32f446xx.o
PVD_IRQHandler                                    src\startup_stm32f446xx.o
PendSV_Handler                                    src\main.o
QuadSPI_IRQHandler                                src\startup_stm32f446xx.o
RCC_IRQHandler                                    src\startup_stm32f446xx.o
RTC_Alarm_IRQHandler                              src\startup_stm32f446xx.o
RTC_WKUP_IRQHandler                               src\startup_stm32f446xx.o
Reset_Handler                                     src\startup_stm32f446xx.o
SAI1_IRQHandler                                   src\startup_stm32f446xx.o
SAI2_IRQHandler                                   src\startup_stm32f446xx.o
SDIO_IRQHandler                                   src\startup_stm32f446xx.o
SPDIF_RX_IRQHandler                               src\startup_stm32f446xx.o
SPI1_IRQHandler                                   src\startup_stm32f446xx.o
SPI2_IRQHandler                                   src\startup_stm32f446xx.o
SPI3_IRQHandler                                   src\startup_stm32f446xx.o
SPI4_IRQHandler                                   src\startup_stm32f446xx.o
SVC_Handler                                       src\main.o
SysTick_Handler                                   src\main.o
SystemClock_Config()                              src\initialisation.o
                                                  src\main.o
SystemCoreClock                                   src\system_stm32f4xx.o
                                                  src\initialisation.o
SystemCoreClockUpdate                             src\system_stm32f4xx.o
                                                  src\main.o
SystemInit                                        src\system_stm32f4xx.o
                                                  src\startup_stm32f446xx.o
                                                  src\main.o
TAMP_STAMP_IRQHandler                             src\startup_stm32f446xx.o
TIM1_BRK_TIM9_IRQHandler                          src\startup_stm32f446xx.o
TIM1_CC_IRQHandler                                src\startup_stm32f446xx.o
TIM1_TRG_COM_TIM11_IRQHandler                     src\startup_stm32f446xx.o
TIM1_UP_TIM10_IRQHandler                          src\startup_stm32f446xx.o
TIM2_IRQHandler                                   src\startup_stm32f446xx.o
TIM3_IRQHandler                                   src\startup_stm32f446xx.o
TIM4_IRQHandler                                   src\startup_stm32f446xx.o
TIM5_IRQHandler                                   src\startup_stm32f446xx.o
TIM6_DAC_IRQHandler                               src\startup_stm32f446xx.o
TIM7_IRQHandler                                   src\startup_stm32f446xx.o
TIM8_BRK_TIM12_IRQHandler                         src\startup_stm32f446xx.o
TIM8_CC_IRQHandler                                src\startup_stm32f446xx.o
TIM8_TRG_COM_TIM14_IRQHandler                     src\startup_stm32f446xx.o
TIM8_UP_TIM13_IRQHandler                          src\startup_stm32f446xx.o
UART4_IRQHandler                                  src\startup_stm32f446xx.o
UART5_IRQHandler                                  src\startup_stm32f446xx.o
USART1_IRQHandler                                 src\startup_stm32f446xx.o
USART2_IRQHandler                                 src\startup_stm32f446xx.o
USART3_IRQHandler                                 src\startup_stm32f446xx.o
USART6_IRQHandler                                 src\startup_stm32f446xx.o
USB::InitUSB()                                    src\USB.o
                                                  src\main.o
USB::IntToUnicode(unsigned long, unsigned char*, unsigned char) src\USB.o
USB::SendReport(unsigned char*, unsigned short)   src\USB.o
                                                  src\main.o
USB::USB()                                        src\main.o
USB::USB()                                        src\main.o
USB::USBD_GetDescriptor(usbRequest)               src\USB.o
USB::USBD_GetString(unsigned char*, unsigned char*) src\USB.o
USB::USBD_StdDevReq(usbRequest)                   src\USB.o
USB::USBInterruptHandler()                        src\USB.o
                                                  src\main.o
USB::USB_ActivateEndpoint(unsigned long, bool, unsigned char) src\USB.o
USB::USB_EP0StartXfer(bool, unsigned char, unsigned long) src\USB.o
USB::USB_EPSetStall(unsigned char)                src\USB.o
USB::USB_ReadInterrupts(unsigned long)            src\USB.o
USB::USB_ReadPacket(unsigned long*, unsigned short) src\USB.o
USB::USB_WritePacket(unsigned char*, unsigned long, unsigned short) src\USB.o
UsageFault_Handler                                src\main.o
WWDG_IRQHandler                                   src\startup_stm32f446xx.o
__deregister_frame_info                           c:/program files (x86)/atollic/truestudio for stm32 9.2.0/armtools/bin/../lib/gcc/arm-atollic-eabi/6.3.1/armv7e-m/fpu/crtbegin.o
__dso_handle                                      c:/program files (x86)/atollic/truestudio for stm32 9.2.0/armtools/bin/../lib/gcc/arm-atollic-eabi/6.3.1/armv7e-m/fpu/crtbegin.o
__init_array_end                                  c:/program files (x86)/atollic/truestudio for stm32 9.2.0/armtools/bin/../lib/gcc/arm-atollic-eabi/6.3.1/../../../../arm-atollic-eabi/lib/armv7e-m/fpu\libc_nano.a(lib_a-init.o)
__init_array_start                                c:/program files (x86)/atollic/truestudio for stm32 9.2.0/armtools/bin/../lib/gcc/arm-atollic-eabi/6.3.1/../../../../arm-atollic-eabi/lib/armv7e-m/fpu\libc_nano.a(lib_a-init.o)
__libc_init_array                                 c:/program files (x86)/atollic/truestudio for stm32 9.2.0/armtools/bin/../lib/gcc/arm-atollic-eabi/6.3.1/../../../../arm-atollic-eabi/lib/armv7e-m/fpu\libc_nano.a(lib_a-init.o)
                                                  src\startup_stm32f446xx.o
__preinit_array_end                               c:/program files (x86)/atollic/truestudio for stm32 9.2.0/armtools/bin/../lib/gcc/arm-atollic-eabi/6.3.1/../../../../arm-atollic-eabi/lib/armv7e-m/fpu\libc_nano.a(lib_a-init.o)
__preinit_array_start                             c:/program files (x86)/atollic/truestudio for stm32 9.2.0/armtools/bin/../lib/gcc/arm-atollic-eabi/6.3.1/../../../../arm-atollic-eabi/lib/armv7e-m/fpu\libc_nano.a(lib_a-init.o)
__register_frame_info                             c:/program files (x86)/atollic/truestudio for stm32 9.2.0/armtools/bin/../lib/gcc/arm-atollic-eabi/6.3.1/armv7e-m/fpu/crtbegin.o
_ebss                                             src\startup_stm32f446xx.o
_edata                                            src\startup_stm32f446xx.o
_estack                                           src\startup_stm32f446xx.o
_fini                                             c:/program files (x86)/atollic/truestudio for stm32 9.2.0/armtools/bin/../lib/gcc/arm-atollic-eabi/6.3.1/armv7e-m/fpu/crti.o
_init                                             c:/program files (x86)/atollic/truestudio for stm32 9.2.0/armtools/bin/../lib/gcc/arm-atollic-eabi/6.3.1/armv7e-m/fpu/crti.o
                                                  c:/program files (x86)/atollic/truestudio for stm32 9.2.0/armtools/bin/../lib/gcc/arm-atollic-eabi/6.3.1/../../../../arm-atollic-eabi/lib/armv7e-m/fpu\libc_nano.a(lib_a-init.o)
_sbss                                             src\startup_stm32f446xx.o
_sdata                                            src\startup_stm32f446xx.o
_sidata                                           src\startup_stm32f446xx.o
_write                                            c:/program files (x86)/atollic/truestudio for stm32 9.2.0/armtools/bin/../lib/gcc/arm-atollic-eabi/6.3.1/../../../../arm-atollic-eabi/lib/armv7e-m/fpu\libnosys.a(write.o)
                                                  src\tiny_printf.o
errno                                             c:/program files (x86)/atollic/truestudio for stm32 9.2.0/armtools/bin/../lib/gcc/arm-atollic-eabi/6.3.1/../../../../arm-atollic-eabi/lib/armv7e-m/fpu\libnosys.a(errno.o)
                                                  c:/program files (x86)/atollic/truestudio for stm32 9.2.0/armtools/bin/../lib/gcc/arm-atollic-eabi/6.3.1/../../../../arm-atollic-eabi/lib/armv7e-m/fpu\libnosys.a(write.o)
eventOcc                                          src\main.o
fiprintf                                          src\tiny_printf.o
fprintf                                           src\tiny_printf.o
fputs                                             src\tiny_printf.o
fwrite                                            src\tiny_printf.o
g_pfnVectors                                      src\startup_stm32f446xx.o
iprintf                                           src\tiny_printf.o
main                                              src\main.o
                                                  src\startup_stm32f446xx.o
memcpy                                            c:/program files (x86)/atollic/truestudio for stm32 9.2.0/armtools/bin/../lib/gcc/arm-atollic-eabi/6.3.1/../../../../arm-atollic-eabi/lib/armv7e-m/fpu\libc_nano.a(lib_a-memcpy-stub.o)
                                                  src\main.o
mouseBuffer                                       src\main.o
printf                                            src\tiny_printf.o
puts                                              src\tiny_printf.o
siprintf                                          src\tiny_printf.o
sprintf                                           src\tiny_printf.o
strlen                                            c:/program files (x86)/atollic/truestudio for stm32 9.2.0/armtools/bin/../lib/gcc/arm-atollic-eabi/6.3.1/../../../../arm-atollic-eabi/lib/armv7e-m/fpu\libc_nano.a(lib_a-strlen.o)
                                                  src\tiny_printf.o
ts_formatlength                                   src\tiny_printf.o
ts_formatstring                                   src\tiny_printf.o
ts_itoa                                           src\tiny_printf.o
unsigned long const& std::min<unsigned long>(unsigned long const&, unsigned long const&) src\USB.o
unsigned short const& std::min<unsigned short>(unsigned short const&, unsigned short const&) src\USB.o
usb                                               src\main.o
usbEventNo                                        src\main.o
                                                  src\USB.o
usbEvents                                         src\main.o
                                                  src\USB.o
usbReady                                          src\main.o
