Archive member included to satisfy reference by file (symbol)

c:/program files (x86)/atollic/truestudio for stm32 9.2.0/armtools/bin/../lib/gcc/arm-atollic-eabi/6.3.1/../../../../arm-atollic-eabi/lib/armv7e-m/fpu\libc_nano.a(lib_a-init.o)
                              src\startup_stm32f446xx.o (__libc_init_array)
c:/program files (x86)/atollic/truestudio for stm32 9.2.0/armtools/bin/../lib/gcc/arm-atollic-eabi/6.3.1/../../../../arm-atollic-eabi/lib/armv7e-m/fpu\libc_nano.a(lib_a-memcpy-stub.o)
                              src\main.o (memcpy)
c:/program files (x86)/atollic/truestudio for stm32 9.2.0/armtools/bin/../lib/gcc/arm-atollic-eabi/6.3.1/../../../../arm-atollic-eabi/lib/armv7e-m/fpu\libc_nano.a(lib_a-strlen.o)
                              src\tiny_printf.o (strlen)
c:/program files (x86)/atollic/truestudio for stm32 9.2.0/armtools/bin/../lib/gcc/arm-atollic-eabi/6.3.1/../../../../arm-atollic-eabi/lib/armv7e-m/fpu\libnosys.a(write.o)
                              src\tiny_printf.o (_write)
c:/program files (x86)/atollic/truestudio for stm32 9.2.0/armtools/bin/../lib/gcc/arm-atollic-eabi/6.3.1/../../../../arm-atollic-eabi/lib/armv7e-m/fpu\libnosys.a(errno.o)
                              c:/program files (x86)/atollic/truestudio for stm32 9.2.0/armtools/bin/../lib/gcc/arm-atollic-eabi/6.3.1/../../../../arm-atollic-eabi/lib/armv7e-m/fpu\libnosys.a(write.o) (errno)

Allocating common symbols
Common symbol       size              file

errno               0x4               c:/program files (x86)/atollic/truestudio for stm32 9.2.0/armtools/bin/../lib/gcc/arm-atollic-eabi/6.3.1/../../../../arm-atollic-eabi/lib/armv7e-m/fpu\libnosys.a(errno.o)

Discarded input sections

 .text          0x00000000        0x0 c:/program files (x86)/atollic/truestudio for stm32 9.2.0/armtools/bin/../lib/gcc/arm-atollic-eabi/6.3.1/armv7e-m/fpu/crti.o
 .data          0x00000000        0x0 c:/program files (x86)/atollic/truestudio for stm32 9.2.0/armtools/bin/../lib/gcc/arm-atollic-eabi/6.3.1/armv7e-m/fpu/crti.o
 .bss           0x00000000        0x0 c:/program files (x86)/atollic/truestudio for stm32 9.2.0/armtools/bin/../lib/gcc/arm-atollic-eabi/6.3.1/armv7e-m/fpu/crti.o
 .data          0x00000000        0x4 c:/program files (x86)/atollic/truestudio for stm32 9.2.0/armtools/bin/../lib/gcc/arm-atollic-eabi/6.3.1/armv7e-m/fpu/crtbegin.o
 .group         0x00000000        0x8 src\USB.o
 .group         0x00000000        0x8 src\USB.o
 .text          0x00000000        0x0 src\USB.o
 .data          0x00000000        0x0 src\USB.o
 .bss           0x00000000        0x0 src\USB.o
 .rodata._ZStL19piecewise_construct
                0x00000000        0x1 src\USB.o
 .text          0x00000000        0x0 src\initialisation.o
 .data          0x00000000        0x0 src\initialisation.o
 .bss           0x00000000        0x0 src\initialisation.o
 .text.NVIC_EnableIRQ
                0x00000000       0x34 src\initialisation.o
 .text.NVIC_SetPriority
                0x00000000       0x5c src\initialisation.o
 .rodata._ZStL19piecewise_construct
                0x00000000        0x1 src\initialisation.o
 .text._Z11InitSysTickv
                0x00000000       0x50 src\initialisation.o
 .text._Z15InitLCDHardwarev
                0x00000000      0x140 src\initialisation.o
 .text._Z21InitSampleAcquisitionv
                0x00000000       0x5c src\initialisation.o
 .text._Z17InitCoverageTimerv
                0x00000000       0x44 src\initialisation.o
 .text._Z17InitDebounceTimerv
                0x00000000       0x34 src\initialisation.o
 .text._Z12InitEncodersv
                0x00000000      0x1f8 src\initialisation.o
 .text._Z8InitUARTv
                0x00000000       0xa0 src\initialisation.o
 .text._Z7InitDACv
                0x00000000       0x48 src\initialisation.o
 .group         0x00000000        0x8 src\main.o
 .text          0x00000000        0x0 src\main.o
 .data          0x00000000        0x0 src\main.o
 .bss           0x00000000        0x0 src\main.o
 .rodata._ZStL19piecewise_construct
                0x00000000        0x1 src\main.o
 .bss.eventOcc  0x00000000        0x1 src\main.o
 .text          0x00000000       0x14 src\startup_stm32f446xx.o
 .data          0x00000000        0x0 src\startup_stm32f446xx.o
 .bss           0x00000000        0x0 src\startup_stm32f446xx.o
 .text          0x00000000        0x0 src\system_stm32f4xx.o
 .data          0x00000000        0x0 src\system_stm32f4xx.o
 .bss           0x00000000        0x0 src\system_stm32f4xx.o
 .text          0x00000000        0x0 src\tiny_printf.o
 .data          0x00000000        0x0 src\tiny_printf.o
 .bss           0x00000000        0x0 src\tiny_printf.o
 .text.ts_itoa  0x00000000       0x92 src\tiny_printf.o
 .text.ts_formatstring
                0x00000000      0x12e src\tiny_printf.o
 .text.ts_formatlength
                0x00000000      0x12c src\tiny_printf.o
 .text.siprintf
                0x00000000       0x2c src\tiny_printf.o
 .text.fiprintf
                0x00000000       0x9a src\tiny_printf.o
 .text.iprintf  0x00000000       0x92 src\tiny_printf.o
 .rodata        0x00000000        0x2 src\tiny_printf.o
 .text.fputs    0x00000000       0x68 src\tiny_printf.o
 .text.puts     0x00000000       0x58 src\tiny_printf.o
 .text.fwrite   0x00000000       0x38 src\tiny_printf.o
 .debug_info    0x00000000      0xc78 src\tiny_printf.o
 .debug_abbrev  0x00000000      0x262 src\tiny_printf.o
 .debug_aranges
                0x00000000       0x60 src\tiny_printf.o
 .debug_ranges  0x00000000       0x50 src\tiny_printf.o
 .debug_line    0x00000000      0x2bf src\tiny_printf.o
 .debug_str     0x00000000      0x66d src\tiny_printf.o
 .comment       0x00000000       0x7d src\tiny_printf.o
 .debug_frame   0x00000000      0x1bc src\tiny_printf.o
 .ARM.attributes
                0x00000000       0x39 src\tiny_printf.o
 .text          0x00000000        0x0 c:/program files (x86)/atollic/truestudio for stm32 9.2.0/armtools/bin/../lib/gcc/arm-atollic-eabi/6.3.1/../../../../arm-atollic-eabi/lib/armv7e-m/fpu\libc_nano.a(lib_a-init.o)
 .data          0x00000000        0x0 c:/program files (x86)/atollic/truestudio for stm32 9.2.0/armtools/bin/../lib/gcc/arm-atollic-eabi/6.3.1/../../../../arm-atollic-eabi/lib/armv7e-m/fpu\libc_nano.a(lib_a-init.o)
 .bss           0x00000000        0x0 c:/program files (x86)/atollic/truestudio for stm32 9.2.0/armtools/bin/../lib/gcc/arm-atollic-eabi/6.3.1/../../../../arm-atollic-eabi/lib/armv7e-m/fpu\libc_nano.a(lib_a-init.o)
 .text          0x00000000        0x0 c:/program files (x86)/atollic/truestudio for stm32 9.2.0/armtools/bin/../lib/gcc/arm-atollic-eabi/6.3.1/../../../../arm-atollic-eabi/lib/armv7e-m/fpu\libc_nano.a(lib_a-memcpy-stub.o)
 .data          0x00000000        0x0 c:/program files (x86)/atollic/truestudio for stm32 9.2.0/armtools/bin/../lib/gcc/arm-atollic-eabi/6.3.1/../../../../arm-atollic-eabi/lib/armv7e-m/fpu\libc_nano.a(lib_a-memcpy-stub.o)
 .bss           0x00000000        0x0 c:/program files (x86)/atollic/truestudio for stm32 9.2.0/armtools/bin/../lib/gcc/arm-atollic-eabi/6.3.1/../../../../arm-atollic-eabi/lib/armv7e-m/fpu\libc_nano.a(lib_a-memcpy-stub.o)
 .text          0x00000000       0x10 c:/program files (x86)/atollic/truestudio for stm32 9.2.0/armtools/bin/../lib/gcc/arm-atollic-eabi/6.3.1/../../../../arm-atollic-eabi/lib/armv7e-m/fpu\libc_nano.a(lib_a-strlen.o)
 .data          0x00000000        0x0 c:/program files (x86)/atollic/truestudio for stm32 9.2.0/armtools/bin/../lib/gcc/arm-atollic-eabi/6.3.1/../../../../arm-atollic-eabi/lib/armv7e-m/fpu\libc_nano.a(lib_a-strlen.o)
 .bss           0x00000000        0x0 c:/program files (x86)/atollic/truestudio for stm32 9.2.0/armtools/bin/../lib/gcc/arm-atollic-eabi/6.3.1/../../../../arm-atollic-eabi/lib/armv7e-m/fpu\libc_nano.a(lib_a-strlen.o)
 .ARM.attributes
                0x00000000       0x1b c:/program files (x86)/atollic/truestudio for stm32 9.2.0/armtools/bin/../lib/gcc/arm-atollic-eabi/6.3.1/../../../../arm-atollic-eabi/lib/armv7e-m/fpu\libc_nano.a(lib_a-strlen.o)
 .text          0x00000000        0x0 c:/program files (x86)/atollic/truestudio for stm32 9.2.0/armtools/bin/../lib/gcc/arm-atollic-eabi/6.3.1/../../../../arm-atollic-eabi/lib/armv7e-m/fpu\libnosys.a(write.o)
 .data          0x00000000        0x0 c:/program files (x86)/atollic/truestudio for stm32 9.2.0/armtools/bin/../lib/gcc/arm-atollic-eabi/6.3.1/../../../../arm-atollic-eabi/lib/armv7e-m/fpu\libnosys.a(write.o)
 .bss           0x00000000        0x0 c:/program files (x86)/atollic/truestudio for stm32 9.2.0/armtools/bin/../lib/gcc/arm-atollic-eabi/6.3.1/../../../../arm-atollic-eabi/lib/armv7e-m/fpu\libnosys.a(write.o)
 .stab          0x00000000       0x24 c:/program files (x86)/atollic/truestudio for stm32 9.2.0/armtools/bin/../lib/gcc/arm-atollic-eabi/6.3.1/../../../../arm-atollic-eabi/lib/armv7e-m/fpu\libnosys.a(write.o)
 .text._write   0x00000000       0x10 c:/program files (x86)/atollic/truestudio for stm32 9.2.0/armtools/bin/../lib/gcc/arm-atollic-eabi/6.3.1/../../../../arm-atollic-eabi/lib/armv7e-m/fpu\libnosys.a(write.o)
 .debug_frame   0x00000000       0x20 c:/program files (x86)/atollic/truestudio for stm32 9.2.0/armtools/bin/../lib/gcc/arm-atollic-eabi/6.3.1/../../../../arm-atollic-eabi/lib/armv7e-m/fpu\libnosys.a(write.o)
 .ARM.attributes
                0x00000000       0x34 c:/program files (x86)/atollic/truestudio for stm32 9.2.0/armtools/bin/../lib/gcc/arm-atollic-eabi/6.3.1/../../../../arm-atollic-eabi/lib/armv7e-m/fpu\libnosys.a(write.o)
 .text          0x00000000        0x0 c:/program files (x86)/atollic/truestudio for stm32 9.2.0/armtools/bin/../lib/gcc/arm-atollic-eabi/6.3.1/../../../../arm-atollic-eabi/lib/armv7e-m/fpu\libnosys.a(errno.o)
 .data          0x00000000        0x0 c:/program files (x86)/atollic/truestudio for stm32 9.2.0/armtools/bin/../lib/gcc/arm-atollic-eabi/6.3.1/../../../../arm-atollic-eabi/lib/armv7e-m/fpu\libnosys.a(errno.o)
 .bss           0x00000000        0x0 c:/program files (x86)/atollic/truestudio for stm32 9.2.0/armtools/bin/../lib/gcc/arm-atollic-eabi/6.3.1/../../../../arm-atollic-eabi/lib/armv7e-m/fpu\libnosys.a(errno.o)
 .ARM.attributes
                0x00000000       0x34 c:/program files (x86)/atollic/truestudio for stm32 9.2.0/armtools/bin/../lib/gcc/arm-atollic-eabi/6.3.1/../../../../arm-atollic-eabi/lib/armv7e-m/fpu\libnosys.a(errno.o)
 COMMON         0x00000000        0x4 c:/program files (x86)/atollic/truestudio for stm32 9.2.0/armtools/bin/../lib/gcc/arm-atollic-eabi/6.3.1/../../../../arm-atollic-eabi/lib/armv7e-m/fpu\libnosys.a(errno.o)
 .text          0x00000000        0x0 c:/program files (x86)/atollic/truestudio for stm32 9.2.0/armtools/bin/../lib/gcc/arm-atollic-eabi/6.3.1/armv7e-m/fpu/crtend.o
 .data          0x00000000        0x0 c:/program files (x86)/atollic/truestudio for stm32 9.2.0/armtools/bin/../lib/gcc/arm-atollic-eabi/6.3.1/armv7e-m/fpu/crtend.o
 .bss           0x00000000        0x0 c:/program files (x86)/atollic/truestudio for stm32 9.2.0/armtools/bin/../lib/gcc/arm-atollic-eabi/6.3.1/armv7e-m/fpu/crtend.o
 .eh_frame      0x00000000        0x4 c:/program files (x86)/atollic/truestudio for stm32 9.2.0/armtools/bin/../lib/gcc/arm-atollic-eabi/6.3.1/armv7e-m/fpu/crtend.o
 .ARM.attributes
                0x00000000       0x34 c:/program files (x86)/atollic/truestudio for stm32 9.2.0/armtools/bin/../lib/gcc/arm-atollic-eabi/6.3.1/armv7e-m/fpu/crtend.o
 .text          0x00000000        0x0 c:/program files (x86)/atollic/truestudio for stm32 9.2.0/armtools/bin/../lib/gcc/arm-atollic-eabi/6.3.1/armv7e-m/fpu/crtn.o
 .data          0x00000000        0x0 c:/program files (x86)/atollic/truestudio for stm32 9.2.0/armtools/bin/../lib/gcc/arm-atollic-eabi/6.3.1/armv7e-m/fpu/crtn.o
 .bss           0x00000000        0x0 c:/program files (x86)/atollic/truestudio for stm32 9.2.0/armtools/bin/../lib/gcc/arm-atollic-eabi/6.3.1/armv7e-m/fpu/crtn.o

Memory Configuration

Name             Origin             Length             Attributes
FLASH            0x08000000         0x00080000         xr
RAM              0x20000000         0x00020000         xrw
MEMORY_B1        0x60000000         0x00000000         xr
*default*        0x00000000         0xffffffff

Linker script and memory map

LOAD c:/program files (x86)/atollic/truestudio for stm32 9.2.0/armtools/bin/../lib/gcc/arm-atollic-eabi/6.3.1/armv7e-m/fpu/crti.o
LOAD c:/program files (x86)/atollic/truestudio for stm32 9.2.0/armtools/bin/../lib/gcc/arm-atollic-eabi/6.3.1/armv7e-m/fpu/crtbegin.o
LOAD src\USB.o
LOAD src\initialisation.o
LOAD src\main.o
LOAD src\startup_stm32f446xx.o
LOAD src\system_stm32f4xx.o
LOAD src\tiny_printf.o
                0x00001000                malloc_getpagesize_P = 0x1000
START GROUP
LOAD c:/program files (x86)/atollic/truestudio for stm32 9.2.0/armtools/bin/../lib/gcc/arm-atollic-eabi/6.3.1/../../../../arm-atollic-eabi/lib/armv7e-m/fpu\libstdc++_nano.a
LOAD c:/program files (x86)/atollic/truestudio for stm32 9.2.0/armtools/bin/../lib/gcc/arm-atollic-eabi/6.3.1/../../../../arm-atollic-eabi/lib/armv7e-m/fpu\libsupc++_nano.a
END GROUP
LOAD c:/program files (x86)/atollic/truestudio for stm32 9.2.0/armtools/bin/../lib/gcc/arm-atollic-eabi/6.3.1/../../../../arm-atollic-eabi/lib/armv7e-m/fpu\libstdc++_nano.a
LOAD c:/program files (x86)/atollic/truestudio for stm32 9.2.0/armtools/bin/../lib/gcc/arm-atollic-eabi/6.3.1/../../../../arm-atollic-eabi/lib/armv7e-m/fpu\libm.a
LOAD c:/program files (x86)/atollic/truestudio for stm32 9.2.0/armtools/bin/../lib/gcc/arm-atollic-eabi/6.3.1/../../../../arm-atollic-eabi/lib/armv7e-m/fpu\libc_nano.a
START GROUP
LOAD c:/program files (x86)/atollic/truestudio for stm32 9.2.0/armtools/bin/../lib/gcc/arm-atollic-eabi/6.3.1/armv7e-m/fpu\libgcc.a
LOAD c:/program files (x86)/atollic/truestudio for stm32 9.2.0/armtools/bin/../lib/gcc/arm-atollic-eabi/6.3.1/../../../../arm-atollic-eabi/lib/armv7e-m/fpu\libc_nano.a
END GROUP
START GROUP
LOAD c:/program files (x86)/atollic/truestudio for stm32 9.2.0/armtools/bin/../lib/gcc/arm-atollic-eabi/6.3.1/armv7e-m/fpu\libgcc.a
LOAD c:/program files (x86)/atollic/truestudio for stm32 9.2.0/armtools/bin/../lib/gcc/arm-atollic-eabi/6.3.1/../../../../arm-atollic-eabi/lib/armv7e-m/fpu\libc_nano.a
LOAD c:/program files (x86)/atollic/truestudio for stm32 9.2.0/armtools/bin/../lib/gcc/arm-atollic-eabi/6.3.1/../../../../arm-atollic-eabi/lib/armv7e-m/fpu\libnosys.a
END GROUP
START GROUP
LOAD c:/program files (x86)/atollic/truestudio for stm32 9.2.0/armtools/bin/../lib/gcc/arm-atollic-eabi/6.3.1/armv7e-m/fpu\libgcc.a
LOAD c:/program files (x86)/atollic/truestudio for stm32 9.2.0/armtools/bin/../lib/gcc/arm-atollic-eabi/6.3.1/../../../../arm-atollic-eabi/lib/armv7e-m/fpu\libc_nano.a
LOAD c:/program files (x86)/atollic/truestudio for stm32 9.2.0/armtools/bin/../lib/gcc/arm-atollic-eabi/6.3.1/../../../../arm-atollic-eabi/lib/armv7e-m/fpu\libnosys.a
END GROUP
LOAD c:/program files (x86)/atollic/truestudio for stm32 9.2.0/armtools/bin/../lib/gcc/arm-atollic-eabi/6.3.1/armv7e-m/fpu/crtend.o
LOAD c:/program files (x86)/atollic/truestudio for stm32 9.2.0/armtools/bin/../lib/gcc/arm-atollic-eabi/6.3.1/armv7e-m/fpu/crtn.o
                0x20020000                _estack = 0x20020000
                0x00000000                _Min_Heap_Size = 0x0
                0x00000400                _Min_Stack_Size = 0x400

.isr_vector     0x08000000      0x1c4
                0x08000000                . = ALIGN (0x4)
 *(.isr_vector)
 .isr_vector    0x08000000      0x1c4 src\startup_stm32f446xx.o
                0x08000000                g_pfnVectors
                0x080001c4                . = ALIGN (0x4)

.text           0x080001c4     0x1aec
                0x080001c4                . = ALIGN (0x4)
 *(.text)
 .text          0x080001c4       0x40 c:/program files (x86)/atollic/truestudio for stm32 9.2.0/armtools/bin/../lib/gcc/arm-atollic-eabi/6.3.1/armv7e-m/fpu/crtbegin.o
 *(.text*)
 .text.NVIC_EnableIRQ
                0x08000204       0x34 src\USB.o
 .text.NVIC_SetPriority
                0x08000238       0x5c src\USB.o
 .text._ZSt3minItERKT_S2_S2_
                0x08000294       0x2a src\USB.o
                0x08000294                unsigned short const& std::min<unsigned short>(unsigned short const&, unsigned short const&)
 *fill*         0x080002be        0x2 
 .text._ZN3USB19USBInterruptHandlerEv
                0x080002c0      0x834 src\USB.o
                0x080002c0                USB::USBInterruptHandler()
 .text._ZN3USB7InitUSBEv
                0x08000af4      0x2ec src\USB.o
                0x08000af4                USB::InitUSB()
 .text._ZN3USB20USB_ActivateEndpointEmbh
                0x08000de0      0x10c src\USB.o
                0x08000de0                USB::USB_ActivateEndpoint(unsigned long, bool, unsigned char)
 .text._ZN3USB14USB_ReadPacketEPmt
                0x08000eec       0x4c src\USB.o
                0x08000eec                USB::USB_ReadPacket(unsigned long*, unsigned short)
 .text._ZN3USB15USB_WritePacketEPhmt
                0x08000f38       0x52 src\USB.o
                0x08000f38                USB::USB_WritePacket(unsigned char*, unsigned long, unsigned short)
 .text._ZSt3minImERKT_S2_S2_
                0x08000f8a       0x28 src\USB.o
                0x08000f8a                unsigned long const& std::min<unsigned long>(unsigned long const&, unsigned long const&)
 *fill*         0x08000fb2        0x2 
 .text._ZN3USB18USBD_GetDescriptorE10usbRequest
                0x08000fb4      0x294 src\USB.o
                0x08000fb4                USB::USBD_GetDescriptor(usbRequest)
 .text._ZN3USB14USBD_GetStringEPhS0_
                0x08001248       0x60 src\USB.o
                0x08001248                USB::USBD_GetString(unsigned char*, unsigned char*)
 .text._ZN3USB12IntToUnicodeEmPhh
                0x080012a8       0x78 src\USB.o
                0x080012a8                USB::IntToUnicode(unsigned long, unsigned char*, unsigned char)
 .text._ZN3USB14USBD_StdDevReqE10usbRequest
                0x08001320       0xf8 src\USB.o
                0x08001320                USB::USBD_StdDevReq(usbRequest)
 .text._ZN3USB16USB_EP0StartXferEbhm
                0x08001418      0x214 src\USB.o
                0x08001418                USB::USB_EP0StartXfer(bool, unsigned char, unsigned long)
 .text._ZN3USB14USB_EPSetStallEh
                0x0800162c       0xa4 src\USB.o
                0x0800162c                USB::USB_EPSetStall(unsigned char)
 .text._ZN3USB18USB_ReadInterruptsEm
                0x080016d0       0x8c src\USB.o
                0x080016d0                USB::USB_ReadInterrupts(unsigned long)
 .text._Z18SystemClock_Configv
                0x0800175c       0xf0 src\initialisation.o
                0x0800175c                SystemClock_Config()
 .text._Z10InitBtnLEDv
                0x0800184c       0x48 src\initialisation.o
                0x0800184c                InitBtnLED()
 .text._ZN3USBC2Ev
                0x08001894       0xcc src\main.o
                0x08001894                USB::USB()
                0x08001894                USB::USB()
 .text.OTG_FS_IRQHandler
                0x08001960       0x14 src\main.o
                0x08001960                OTG_FS_IRQHandler
 .text.NMI_Handler
                0x08001974        0xe src\main.o
                0x08001974                NMI_Handler
 .text.HardFault_Handler
                0x08001982        0x6 src\main.o
                0x08001982                HardFault_Handler
 .text.MemManage_Handler
                0x08001988        0x6 src\main.o
                0x08001988                MemManage_Handler
 .text.BusFault_Handler
                0x0800198e        0x6 src\main.o
                0x0800198e                BusFault_Handler
 .text.UsageFault_Handler
                0x08001994        0x6 src\main.o
                0x08001994                UsageFault_Handler
 .text.SVC_Handler
                0x0800199a        0xe src\main.o
                0x0800199a                SVC_Handler
 .text.DebugMon_Handler
                0x080019a8        0xe src\main.o
                0x080019a8                DebugMon_Handler
 .text.PendSV_Handler
                0x080019b6        0xe src\main.o
                0x080019b6                PendSV_Handler
 .text.SysTick_Handler
                0x080019c4        0xe src\main.o
                0x080019c4                SysTick_Handler
 *fill*         0x080019d2        0x2 
 .text.main     0x080019d4       0x70 src\main.o
                0x080019d4                main
 .text._Z41__static_initialization_and_destruction_0ii
                0x08001a44       0x2c src\main.o
 .text._GLOBAL__sub_I_usb
                0x08001a70       0x10 src\main.o
 .text.Reset_Handler
                0x08001a80       0x50 src\startup_stm32f446xx.o
                0x08001a80                Reset_Handler
 .text.Default_Handler
                0x08001ad0        0x2 src\startup_stm32f446xx.o
                0x08001ad0                RTC_Alarm_IRQHandler
                0x08001ad0                EXTI2_IRQHandler
                0x08001ad0                TIM8_CC_IRQHandler
                0x08001ad0                SPI4_IRQHandler
                0x08001ad0                TIM1_CC_IRQHandler
                0x08001ad0                QuadSPI_IRQHandler
                0x08001ad0                DMA2_Stream5_IRQHandler
                0x08001ad0                DMA1_Stream5_IRQHandler
                0x08001ad0                PVD_IRQHandler
                0x08001ad0                SDIO_IRQHandler
                0x08001ad0                TAMP_STAMP_IRQHandler
                0x08001ad0                CAN2_RX1_IRQHandler
                0x08001ad0                EXTI3_IRQHandler
                0x08001ad0                TIM8_TRG_COM_TIM14_IRQHandler
                0x08001ad0                TIM1_UP_TIM10_IRQHandler
                0x08001ad0                TIM8_UP_TIM13_IRQHandler
                0x08001ad0                I2C3_ER_IRQHandler
                0x08001ad0                FMPI2C1_Event_IRQHandler
                0x08001ad0                EXTI0_IRQHandler
                0x08001ad0                I2C2_EV_IRQHandler
                0x08001ad0                DMA1_Stream2_IRQHandler
                0x08001ad0                CAN1_RX0_IRQHandler
                0x08001ad0                FPU_IRQHandler
                0x08001ad0                OTG_HS_WKUP_IRQHandler
                0x08001ad0                CAN2_SCE_IRQHandler
                0x08001ad0                DMA2_Stream2_IRQHandler
                0x08001ad0                SPI1_IRQHandler
                0x08001ad0                TIM6_DAC_IRQHandler
                0x08001ad0                TIM1_BRK_TIM9_IRQHandler
                0x08001ad0                DCMI_IRQHandler
                0x08001ad0                CAN2_RX0_IRQHandler
                0x08001ad0                DMA2_Stream3_IRQHandler
                0x08001ad0                SAI2_IRQHandler
                0x08001ad0                USART6_IRQHandler
                0x08001ad0                USART3_IRQHandler
                0x08001ad0                CAN1_RX1_IRQHandler
                0x08001ad0                UART5_IRQHandler
                0x08001ad0                DMA2_Stream0_IRQHandler
                0x08001ad0                TIM4_IRQHandler
                0x08001ad0                I2C1_EV_IRQHandler
                0x08001ad0                DMA1_Stream6_IRQHandler
                0x08001ad0                DMA1_Stream1_IRQHandler
                0x08001ad0                UART4_IRQHandler
                0x08001ad0                TIM3_IRQHandler
                0x08001ad0                RCC_IRQHandler
                0x08001ad0                TIM8_BRK_TIM12_IRQHandler
                0x08001ad0                Default_Handler
                0x08001ad0                CEC_IRQHandler
                0x08001ad0                EXTI15_10_IRQHandler
                0x08001ad0                ADC_IRQHandler
                0x08001ad0                DMA1_Stream7_IRQHandler
                0x08001ad0                TIM7_IRQHandler
                0x08001ad0                CAN2_TX_IRQHandler
                0x08001ad0                TIM5_IRQHandler
                0x08001ad0                DMA2_Stream7_IRQHandler
                0x08001ad0                I2C3_EV_IRQHandler
                0x08001ad0                EXTI9_5_IRQHandler
                0x08001ad0                RTC_WKUP_IRQHandler
                0x08001ad0                SPDIF_RX_IRQHandler
                0x08001ad0                SPI2_IRQHandler
                0x08001ad0                OTG_HS_EP1_IN_IRQHandler
                0x08001ad0                DMA1_Stream0_IRQHandler
                0x08001ad0                CAN1_TX_IRQHandler
                0x08001ad0                EXTI4_IRQHandler
                0x08001ad0                OTG_HS_EP1_OUT_IRQHandler
                0x08001ad0                WWDG_IRQHandler
                0x08001ad0                TIM2_IRQHandler
                0x08001ad0                OTG_FS_WKUP_IRQHandler
                0x08001ad0                TIM1_TRG_COM_TIM11_IRQHandler
                0x08001ad0                OTG_HS_IRQHandler
                0x08001ad0                EXTI1_IRQHandler
                0x08001ad0                USART2_IRQHandler
                0x08001ad0                I2C2_ER_IRQHandler
                0x08001ad0                DMA2_Stream1_IRQHandler
                0x08001ad0                CAN1_SCE_IRQHandler
                0x08001ad0                FLASH_IRQHandler
                0x08001ad0                DMA2_Stream4_IRQHandler
                0x08001ad0                USART1_IRQHandler
                0x08001ad0                SPI3_IRQHandler
                0x08001ad0                DMA1_Stream4_IRQHandler
                0x08001ad0                I2C1_ER_IRQHandler
                0x08001ad0                FMC_IRQHandler
                0x08001ad0                DMA2_Stream6_IRQHandler
                0x08001ad0                SAI1_IRQHandler
                0x08001ad0                DMA1_Stream3_IRQHandler
                0x08001ad0                FMPI2C1_Error_IRQHandler
 *fill*         0x08001ad2        0x2 
 .text.SystemInit
                0x08001ad4       0x6c src\system_stm32f4xx.o
                0x08001ad4                SystemInit
 .text.SystemCoreClockUpdate
                0x08001b40       0xf8 src\system_stm32f4xx.o
                0x08001b40                SystemCoreClockUpdate
 .text.__libc_init_array
                0x08001c38       0x48 c:/program files (x86)/atollic/truestudio for stm32 9.2.0/armtools/bin/../lib/gcc/arm-atollic-eabi/6.3.1/../../../../arm-atollic-eabi/lib/armv7e-m/fpu\libc_nano.a(lib_a-init.o)
                0x08001c38                __libc_init_array
 .text.memcpy   0x08001c80       0x16 c:/program files (x86)/atollic/truestudio for stm32 9.2.0/armtools/bin/../lib/gcc/arm-atollic-eabi/6.3.1/../../../../arm-atollic-eabi/lib/armv7e-m/fpu\libc_nano.a(lib_a-memcpy-stub.o)
                0x08001c80                memcpy
 *(.glue_7)
 .glue_7        0x08001c96        0x0 linker stubs
 *(.glue_7t)
 .glue_7t       0x08001c96        0x0 linker stubs
 *(.eh_frame)
 *fill*         0x08001c96        0x2 
 .eh_frame      0x08001c98        0x0 c:/program files (x86)/atollic/truestudio for stm32 9.2.0/armtools/bin/../lib/gcc/arm-atollic-eabi/6.3.1/armv7e-m/fpu/crtbegin.o
 *(.init)
 .init          0x08001c98        0x4 c:/program files (x86)/atollic/truestudio for stm32 9.2.0/armtools/bin/../lib/gcc/arm-atollic-eabi/6.3.1/armv7e-m/fpu/crti.o
                0x08001c98                _init
 .init          0x08001c9c        0x8 c:/program files (x86)/atollic/truestudio for stm32 9.2.0/armtools/bin/../lib/gcc/arm-atollic-eabi/6.3.1/armv7e-m/fpu/crtn.o
 *(.fini)
 .fini          0x08001ca4        0x4 c:/program files (x86)/atollic/truestudio for stm32 9.2.0/armtools/bin/../lib/gcc/arm-atollic-eabi/6.3.1/armv7e-m/fpu/crti.o
                0x08001ca4                _fini
 .fini          0x08001ca8        0x8 c:/program files (x86)/atollic/truestudio for stm32 9.2.0/armtools/bin/../lib/gcc/arm-atollic-eabi/6.3.1/armv7e-m/fpu/crtn.o
                0x08001cb0                . = ALIGN (0x4)
                0x08001cb0                _etext = .

.vfp11_veneer   0x08001cb0        0x0
 .vfp11_veneer  0x08001cb0        0x0 linker stubs

.v4_bx          0x08001cb0        0x0
 .v4_bx         0x08001cb0        0x0 linker stubs

.iplt           0x08001cb0        0x0
 .iplt          0x08001cb0        0x0 c:/program files (x86)/atollic/truestudio for stm32 9.2.0/armtools/bin/../lib/gcc/arm-atollic-eabi/6.3.1/armv7e-m/fpu/crtbegin.o

.rodata         0x08001cb0       0xc8
                0x08001cb0                . = ALIGN (0x4)
 *(.rodata)
 .rodata        0x08001cb0       0x29 src\USB.o
 *fill*         0x08001cd9        0x3 
 .rodata        0x08001cdc       0x9a src\main.o
 *(.rodata*)
                0x08001d78                . = ALIGN (0x4)
 *fill*         0x08001d76        0x2 

.rel.dyn        0x08001d78        0x0
 .rel.iplt      0x08001d78        0x0 c:/program files (x86)/atollic/truestudio for stm32 9.2.0/armtools/bin/../lib/gcc/arm-atollic-eabi/6.3.1/armv7e-m/fpu/crtbegin.o

.ARM.extab
 *(.ARM.extab* .gnu.linkonce.armextab.*)

.ARM            0x08001d78        0x0
                0x08001d78                __exidx_start = .
 *(.ARM.exidx*)
                0x08001d78                __exidx_end = .

.preinit_array  0x08001d78        0x0
                0x08001d78                PROVIDE (__preinit_array_start, .)
 *(.preinit_array*)
                0x08001d78                PROVIDE (__preinit_array_end, .)

.init_array     0x08001d78        0x8
                0x08001d78                PROVIDE (__init_array_start, .)
 *(SORT(.init_array.*))
 *(.init_array*)
 .init_array    0x08001d78        0x4 c:/program files (x86)/atollic/truestudio for stm32 9.2.0/armtools/bin/../lib/gcc/arm-atollic-eabi/6.3.1/armv7e-m/fpu/crtbegin.o
 .init_array    0x08001d7c        0x4 src\main.o
                0x08001d80                PROVIDE (__init_array_end, .)

.fini_array     0x08001d80        0x4
                [!provide]                PROVIDE (__fini_array_start, .)
 *(SORT(.fini_array.*))
 *(.fini_array*)
 .fini_array    0x08001d80        0x4 c:/program files (x86)/atollic/truestudio for stm32 9.2.0/armtools/bin/../lib/gcc/arm-atollic-eabi/6.3.1/armv7e-m/fpu/crtbegin.o
                [!provide]                PROVIDE (__fini_array_end, .)
                0x08001d84                _sidata = LOADADDR (.data)

.data           0x20000000       0x14 load address 0x08001d84
                0x20000000                . = ALIGN (0x4)
                0x20000000                _sdata = .
 *(.data)
 *(.data*)
 .data.SystemCoreClock
                0x20000000        0x4 src\system_stm32f4xx.o
                0x20000000                SystemCoreClock
 .data.AHBPrescTable
                0x20000004       0x10 src\system_stm32f4xx.o
                0x20000004                AHBPrescTable
                0x20000014                . = ALIGN (0x4)
                0x20000014                _edata = .

.igot.plt       0x20000014        0x0 load address 0x08001d98
 .igot.plt      0x20000014        0x0 c:/program files (x86)/atollic/truestudio for stm32 9.2.0/armtools/bin/../lib/gcc/arm-atollic-eabi/6.3.1/armv7e-m/fpu/crtbegin.o
                0x20000014                . = ALIGN (0x4)

.bss            0x20000014      0x694 load address 0x08001d98
                0x20000014                _sbss = .
                0x20000014                __bss_start__ = _sbss
 *(.bss)
 .bss           0x20000014       0x1c c:/program files (x86)/atollic/truestudio for stm32 9.2.0/armtools/bin/../lib/gcc/arm-atollic-eabi/6.3.1/armv7e-m/fpu/crtbegin.o
 *(.bss*)
 .bss.usb       0x20000030      0x354 src\main.o
                0x20000030                usb
 .bss.usbEvents
                0x20000384      0x320 src\main.o
                0x20000384                usbEvents
 .bss.usbEventNo
                0x200006a4        0x1 src\main.o
                0x200006a4                usbEventNo
 *(COMMON)
                0x200006a8                . = ALIGN (0x4)
 *fill*         0x200006a5        0x3 
                0x200006a8                _ebss = .
                0x200006a8                __bss_end__ = _ebss

._user_heap_stack
                0x200006a8      0x400 load address 0x08001d98
                0x200006a8                . = ALIGN (0x4)
                [!provide]                PROVIDE (end, .)
                [!provide]                PROVIDE (_end, .)
                0x200006a8                . = (. + _Min_Heap_Size)
                0x20000aa8                . = (. + _Min_Stack_Size)
 *fill*         0x200006a8      0x400 
                0x20000aa8                . = ALIGN (0x4)

.memory_b1_text
 *(.mb1text)
 *(.mb1text*)
 *(.mb1rodata)
 *(.mb1rodata*)

/DISCARD/
 libc.a(*)
 libm.a(*)
 libgcc.a(*)

.ARM.attributes
                0x00000000       0x30
 *(.ARM.attributes)
 .ARM.attributes
                0x00000000       0x22 c:/program files (x86)/atollic/truestudio for stm32 9.2.0/armtools/bin/../lib/gcc/arm-atollic-eabi/6.3.1/armv7e-m/fpu/crti.o
 .ARM.attributes
                0x00000022       0x34 c:/program files (x86)/atollic/truestudio for stm32 9.2.0/armtools/bin/../lib/gcc/arm-atollic-eabi/6.3.1/armv7e-m/fpu/crtbegin.o
 .ARM.attributes
                0x00000056       0x39 src\USB.o
 .ARM.attributes
                0x0000008f       0x39 src\initialisation.o
 .ARM.attributes
                0x000000c8       0x39 src\main.o
 .ARM.attributes
                0x00000101       0x21 src\startup_stm32f446xx.o
 .ARM.attributes
                0x00000122       0x39 src\system_stm32f4xx.o
 .ARM.attributes
                0x0000015b       0x34 c:/program files (x86)/atollic/truestudio for stm32 9.2.0/armtools/bin/../lib/gcc/arm-atollic-eabi/6.3.1/../../../../arm-atollic-eabi/lib/armv7e-m/fpu\libc_nano.a(lib_a-init.o)
 .ARM.attributes
                0x0000018f       0x34 c:/program files (x86)/atollic/truestudio for stm32 9.2.0/armtools/bin/../lib/gcc/arm-atollic-eabi/6.3.1/../../../../arm-atollic-eabi/lib/armv7e-m/fpu\libc_nano.a(lib_a-memcpy-stub.o)
 .ARM.attributes
                0x000001c3       0x22 c:/program files (x86)/atollic/truestudio for stm32 9.2.0/armtools/bin/../lib/gcc/arm-atollic-eabi/6.3.1/armv7e-m/fpu/crtn.o
OUTPUT(USB_446.elf elf32-littlearm)

.debug_info     0x00000000     0x5f43
 .debug_info    0x00000000     0x25e0 src\USB.o
 .debug_info    0x000025e0     0x1df2 src\initialisation.o
 .debug_info    0x000043d2     0x1612 src\main.o
 .debug_info    0x000059e4       0x5c src\startup_stm32f446xx.o
 .debug_info    0x00005a40      0x503 src\system_stm32f4xx.o

.debug_abbrev   0x00000000      0xff4
 .debug_abbrev  0x00000000      0x57b src\USB.o
 .debug_abbrev  0x0000057b      0x46a src\initialisation.o
 .debug_abbrev  0x000009e5      0x4de src\main.o
 .debug_abbrev  0x00000ec3       0x12 src\startup_stm32f446xx.o
 .debug_abbrev  0x00000ed5      0x11f src\system_stm32f4xx.o

.debug_aranges  0x00000000      0x1e8
 .debug_aranges
                0x00000000       0x98 src\USB.o
 .debug_aranges
                0x00000098       0x78 src\initialisation.o
 .debug_aranges
                0x00000110       0x88 src\main.o
 .debug_aranges
                0x00000198       0x28 src\startup_stm32f446xx.o
 .debug_aranges
                0x000001c0       0x28 src\system_stm32f4xx.o

.debug_ranges   0x00000000      0x1a0
 .debug_ranges  0x00000000       0x88 src\USB.o
 .debug_ranges  0x00000088       0x68 src\initialisation.o
 .debug_ranges  0x000000f0       0x78 src\main.o
 .debug_ranges  0x00000168       0x20 src\startup_stm32f446xx.o
 .debug_ranges  0x00000188       0x18 src\system_stm32f4xx.o

.debug_line     0x00000000     0x19b2
 .debug_line    0x00000000      0x9b3 src\USB.o
 .debug_line    0x000009b3      0x6ee src\initialisation.o
 .debug_line    0x000010a1      0x6be src\main.o
 .debug_line    0x0000175f       0x7b src\startup_stm32f446xx.o
 .debug_line    0x000017da      0x1d8 src\system_stm32f4xx.o

.debug_str      0x00000000     0x1e8b
 .debug_str     0x00000000     0x191a src\USB.o
                               0x1ae0 (size before relaxing)
 .debug_str     0x0000191a      0x31f src\initialisation.o
                               0x1723 (size before relaxing)
 .debug_str     0x00001c39      0x126 src\main.o
                               0x10da (size before relaxing)
 .debug_str     0x00001d5f      0x12c src\system_stm32f4xx.o
                                0x39d (size before relaxing)

.comment        0x00000000       0x7c
 .comment       0x00000000       0x7c src\USB.o
                                 0x7d (size before relaxing)
 .comment       0x0000007c       0x7d src\initialisation.o
 .comment       0x0000007c       0x7d src\main.o
 .comment       0x0000007c       0x7d src\system_stm32f4xx.o

.debug_frame    0x00000000      0x684
 .debug_frame   0x00000000      0x28c src\USB.o
 .debug_frame   0x0000028c      0x194 src\initialisation.o
 .debug_frame   0x00000420      0x1b8 src\main.o
 .debug_frame   0x000005d8       0x58 src\system_stm32f4xx.o
 .debug_frame   0x00000630       0x2c c:/program files (x86)/atollic/truestudio for stm32 9.2.0/armtools/bin/../lib/gcc/arm-atollic-eabi/6.3.1/../../../../arm-atollic-eabi/lib/armv7e-m/fpu\libc_nano.a(lib_a-init.o)
 .debug_frame   0x0000065c       0x28 c:/program files (x86)/atollic/truestudio for stm32 9.2.0/armtools/bin/../lib/gcc/arm-atollic-eabi/6.3.1/../../../../arm-atollic-eabi/lib/armv7e-m/fpu\libc_nano.a(lib_a-memcpy-stub.o)

.stabstr        0x00000000       0x3f
 .stabstr       0x00000000       0x3f c:/program files (x86)/atollic/truestudio for stm32 9.2.0/armtools/bin/../lib/gcc/arm-atollic-eabi/6.3.1/../../../../arm-atollic-eabi/lib/armv7e-m/fpu\libnosys.a(write.o)

Cross Reference Table

Symbol                                            File
ADC_IRQHandler                                    src\startup_stm32f446xx.o
AHBPrescTable                                     src\system_stm32f4xx.o
BusFault_Handler                                  src\main.o
CAN1_RX0_IRQHandler                               src\startup_stm32f446xx.o
CAN1_RX1_IRQHandler                               src\startup_stm32f446xx.o
CAN1_SCE_IRQHandler                               src\startup_stm32f446xx.o
CAN1_TX_IRQHandler                                src\startup_stm32f446xx.o
CAN2_RX0_IRQHandler                               src\startup_stm32f446xx.o
CAN2_RX1_IRQHandler                               src\startup_stm32f446xx.o
CAN2_SCE_IRQHandler                               src\startup_stm32f446xx.o
CAN2_TX_IRQHandler                                src\startup_stm32f446xx.o
CEC_IRQHandler                                    src\startup_stm32f446xx.o
DCMI_IRQHandler                                   src\startup_stm32f446xx.o
DMA1_Stream0_IRQHandler                           src\startup_stm32f446xx.o
DMA1_Stream1_IRQHandler                           src\startup_stm32f446xx.o
DMA1_Stream2_IRQHandler                           src\startup_stm32f446xx.o
DMA1_Stream3_IRQHandler                           src\startup_stm32f446xx.o
DMA1_Stream4_IRQHandler                           src\startup_stm32f446xx.o
DMA1_Stream5_IRQHandler                           src\startup_stm32f446xx.o
DMA1_Stream6_IRQHandler                           src\startup_stm32f446xx.o
DMA1_Stream7_IRQHandler                           src\startup_stm32f446xx.o
DMA2_Stream0_IRQHandler                           src\startup_stm32f446xx.o
DMA2_Stream1_IRQHandler                           src\startup_stm32f446xx.o
DMA2_Stream2_IRQHandler                           src\startup_stm32f446xx.o
DMA2_Stream3_IRQHandler                           src\startup_stm32f446xx.o
DMA2_Stream4_IRQHandler                           src\startup_stm32f446xx.o
DMA2_Stream5_IRQHandler                           src\startup_stm32f446xx.o
DMA2_Stream6_IRQHandler                           src\startup_stm32f446xx.o
DMA2_Stream7_IRQHandler                           src\startup_stm32f446xx.o
DebugMon_Handler                                  src\main.o
Default_Handler                                   src\startup_stm32f446xx.o
EXTI0_IRQHandler                                  src\startup_stm32f446xx.o
EXTI15_10_IRQHandler                              src\startup_stm32f446xx.o
EXTI1_IRQHandler                                  src\startup_stm32f446xx.o
EXTI2_IRQHandler                                  src\startup_stm32f446xx.o
EXTI3_IRQHandler                                  src\startup_stm32f446xx.o
EXTI4_IRQHandler                                  src\startup_stm32f446xx.o
EXTI9_5_IRQHandler                                src\startup_stm32f446xx.o
FLASH_IRQHandler                                  src\startup_stm32f446xx.o
FMC_IRQHandler                                    src\startup_stm32f446xx.o
FMPI2C1_Error_IRQHandler                          src\startup_stm32f446xx.o
FMPI2C1_Event_IRQHandler                          src\startup_stm32f446xx.o
FPU_IRQHandler                                    src\startup_stm32f446xx.o
HardFault_Handler                                 src\main.o
I2C1_ER_IRQHandler                                src\startup_stm32f446xx.o
I2C1_EV_IRQHandler                                src\startup_stm32f446xx.o
I2C2_ER_IRQHandler                                src\startup_stm32f446xx.o
I2C2_EV_IRQHandler                                src\startup_stm32f446xx.o
I2C3_ER_IRQHandler                                src\startup_stm32f446xx.o
I2C3_EV_IRQHandler                                src\startup_stm32f446xx.o
InitBtnLED()                                      src\initialisation.o
                                                  src\main.o
InitCoverageTimer()                               src\initialisation.o
InitDAC()                                         src\initialisation.o
InitDebounceTimer()                               src\initialisation.o
InitEncoders()                                    src\initialisation.o
InitLCDHardware()                                 src\initialisation.o
InitSampleAcquisition()                           src\initialisation.o
InitSysTick()                                     src\initialisation.o
InitUART()                                        src\initialisation.o
MemManage_Handler                                 src\main.o
NMI_Handler                                       src\main.o
OTG_FS_IRQHandler                                 src\main.o
OTG_FS_WKUP_IRQHandler                            src\startup_stm32f446xx.o
OTG_HS_EP1_IN_IRQHandler                          src\startup_stm32f446xx.o
OTG_HS_EP1_OUT_IRQHandler                         src\startup_stm32f446xx.o
OTG_HS_IRQHandler                                 src\startup_stm32f446xx.o
OTG_HS_WKUP_IRQHandler                            src\startup_stm32f446xx.o
PVD_IRQHandler                                    src\startup_stm32f446xx.o
PendSV_Handler                                    src\main.o
QuadSPI_IRQHandler                                src\startup_stm32f446xx.o
RCC_IRQHandler                                    src\startup_stm32f446xx.o
RTC_Alarm_IRQHandler                              src\startup_stm32f446xx.o
RTC_WKUP_IRQHandler                               src\startup_stm32f446xx.o
Reset_Handler                                     src\startup_stm32f446xx.o
SAI1_IRQHandler                                   src\startup_stm32f446xx.o
SAI2_IRQHandler                                   src\startup_stm32f446xx.o
SDIO_IRQHandler                                   src\startup_stm32f446xx.o
SPDIF_RX_IRQHandler                               src\startup_stm32f446xx.o
SPI1_IRQHandler                                   src\startup_stm32f446xx.o
SPI2_IRQHandler                                   src\startup_stm32f446xx.o
SPI3_IRQHandler                                   src\startup_stm32f446xx.o
SPI4_IRQHandler                                   src\startup_stm32f446xx.o
SVC_Handler                                       src\main.o
SysTick_Handler                                   src\main.o
SystemClock_Config()                              src\initialisation.o
                                                  src\main.o
SystemCoreClock                                   src\system_stm32f4xx.o
                                                  src\initialisation.o
SystemCoreClockUpdate                             src\system_stm32f4xx.o
                                                  src\main.o
SystemInit                                        src\system_stm32f4xx.o
                                                  src\startup_stm32f446xx.o
                                                  src\main.o
TAMP_STAMP_IRQHandler                             src\startup_stm32f446xx.o
TIM1_BRK_TIM9_IRQHandler                          src\startup_stm32f446xx.o
TIM1_CC_IRQHandler                                src\startup_stm32f446xx.o
TIM1_TRG_COM_TIM11_IRQHandler                     src\startup_stm32f446xx.o
TIM1_UP_TIM10_IRQHandler                          src\startup_stm32f446xx.o
TIM2_IRQHandler                                   src\startup_stm32f446xx.o
TIM3_IRQHandler                                   src\startup_stm32f446xx.o
TIM4_IRQHandler                                   src\startup_stm32f446xx.o
TIM5_IRQHandler                                   src\startup_stm32f446xx.o
TIM6_DAC_IRQHandler                               src\startup_stm32f446xx.o
TIM7_IRQHandler                                   src\startup_stm32f446xx.o
TIM8_BRK_TIM12_IRQHandler                         src\startup_stm32f446xx.o
TIM8_CC_IRQHandler                                src\startup_stm32f446xx.o
TIM8_TRG_COM_TIM14_IRQHandler                     src\startup_stm32f446xx.o
TIM8_UP_TIM13_IRQHandler                          src\startup_stm32f446xx.o
UART4_IRQHandler                                  src\startup_stm32f446xx.o
UART5_IRQHandler                                  src\startup_stm32f446xx.o
USART1_IRQHandler                                 src\startup_stm32f446xx.o
USART2_IRQHandler                                 src\startup_stm32f446xx.o
USART3_IRQHandler                                 src\startup_stm32f446xx.o
USART6_IRQHandler                                 src\startup_stm32f446xx.o
USB::InitUSB()                                    src\USB.o
                                                  src\main.o
USB::IntToUnicode(unsigned long, unsigned char*, unsigned char) src\USB.o
USB::USB()                                        src\main.o
USB::USB()                                        src\main.o
USB::USBD_GetDescriptor(usbRequest)               src\USB.o
USB::USBD_GetString(unsigned char*, unsigned char*) src\USB.o
USB::USBD_StdDevReq(usbRequest)                   src\USB.o
USB::USBInterruptHandler()                        src\USB.o
                                                  src\main.o
USB::USB_ActivateEndpoint(unsigned long, bool, unsigned char) src\USB.o
USB::USB_EP0StartXfer(bool, unsigned char, unsigned long) src\USB.o
USB::USB_EPSetStall(unsigned char)                src\USB.o
USB::USB_ReadInterrupts(unsigned long)            src\USB.o
USB::USB_ReadPacket(unsigned long*, unsigned short) src\USB.o
USB::USB_WritePacket(unsigned char*, unsigned long, unsigned short) src\USB.o
UsageFault_Handler                                src\main.o
WWDG_IRQHandler                                   src\startup_stm32f446xx.o
__deregister_frame_info                           c:/program files (x86)/atollic/truestudio for stm32 9.2.0/armtools/bin/../lib/gcc/arm-atollic-eabi/6.3.1/armv7e-m/fpu/crtbegin.o
__dso_handle                                      c:/program files (x86)/atollic/truestudio for stm32 9.2.0/armtools/bin/../lib/gcc/arm-atollic-eabi/6.3.1/armv7e-m/fpu/crtbegin.o
__init_array_end                                  c:/program files (x86)/atollic/truestudio for stm32 9.2.0/armtools/bin/../lib/gcc/arm-atollic-eabi/6.3.1/../../../../arm-atollic-eabi/lib/armv7e-m/fpu\libc_nano.a(lib_a-init.o)
__init_array_start                                c:/program files (x86)/atollic/truestudio for stm32 9.2.0/armtools/bin/../lib/gcc/arm-atollic-eabi/6.3.1/../../../../arm-atollic-eabi/lib/armv7e-m/fpu\libc_nano.a(lib_a-init.o)
__libc_init_array                                 c:/program files (x86)/atollic/truestudio for stm32 9.2.0/armtools/bin/../lib/gcc/arm-atollic-eabi/6.3.1/../../../../arm-atollic-eabi/lib/armv7e-m/fpu\libc_nano.a(lib_a-init.o)
                                                  src\startup_stm32f446xx.o
__preinit_array_end                               c:/program files (x86)/atollic/truestudio for stm32 9.2.0/armtools/bin/../lib/gcc/arm-atollic-eabi/6.3.1/../../../../arm-atollic-eabi/lib/armv7e-m/fpu\libc_nano.a(lib_a-init.o)
__preinit_array_start                             c:/program files (x86)/atollic/truestudio for stm32 9.2.0/armtools/bin/../lib/gcc/arm-atollic-eabi/6.3.1/../../../../arm-atollic-eabi/lib/armv7e-m/fpu\libc_nano.a(lib_a-init.o)
__register_frame_info                             c:/program files (x86)/atollic/truestudio for stm32 9.2.0/armtools/bin/../lib/gcc/arm-atollic-eabi/6.3.1/armv7e-m/fpu/crtbegin.o
_ebss                                             src\startup_stm32f446xx.o
_edata                                            src\startup_stm32f446xx.o
_estack                                           src\startup_stm32f446xx.o
_fini                                             c:/program files (x86)/atollic/truestudio for stm32 9.2.0/armtools/bin/../lib/gcc/arm-atollic-eabi/6.3.1/armv7e-m/fpu/crti.o
_init                                             c:/program files (x86)/atollic/truestudio for stm32 9.2.0/armtools/bin/../lib/gcc/arm-atollic-eabi/6.3.1/armv7e-m/fpu/crti.o
                                                  c:/program files (x86)/atollic/truestudio for stm32 9.2.0/armtools/bin/../lib/gcc/arm-atollic-eabi/6.3.1/../../../../arm-atollic-eabi/lib/armv7e-m/fpu\libc_nano.a(lib_a-init.o)
_sbss                                             src\startup_stm32f446xx.o
_sdata                                            src\startup_stm32f446xx.o
_sidata                                           src\startup_stm32f446xx.o
_write                                            c:/program files (x86)/atollic/truestudio for stm32 9.2.0/armtools/bin/../lib/gcc/arm-atollic-eabi/6.3.1/../../../../arm-atollic-eabi/lib/armv7e-m/fpu\libnosys.a(write.o)
                                                  src\tiny_printf.o
errno                                             c:/program files (x86)/atollic/truestudio for stm32 9.2.0/armtools/bin/../lib/gcc/arm-atollic-eabi/6.3.1/../../../../arm-atollic-eabi/lib/armv7e-m/fpu\libnosys.a(errno.o)
                                                  c:/program files (x86)/atollic/truestudio for stm32 9.2.0/armtools/bin/../lib/gcc/arm-atollic-eabi/6.3.1/../../../../arm-atollic-eabi/lib/armv7e-m/fpu\libnosys.a(write.o)
eventOcc                                          src\main.o
fiprintf                                          src\tiny_printf.o
fprintf                                           src\tiny_printf.o
fputs                                             src\tiny_printf.o
fwrite                                            src\tiny_printf.o
g_pfnVectors                                      src\startup_stm32f446xx.o
iprintf                                           src\tiny_printf.o
main                                              src\main.o
                                                  src\startup_stm32f446xx.o
memcpy                                            c:/program files (x86)/atollic/truestudio for stm32 9.2.0/armtools/bin/../lib/gcc/arm-atollic-eabi/6.3.1/../../../../arm-atollic-eabi/lib/armv7e-m/fpu\libc_nano.a(lib_a-memcpy-stub.o)
                                                  src\main.o
printf                                            src\tiny_printf.o
puts                                              src\tiny_printf.o
siprintf                                          src\tiny_printf.o
sprintf                                           src\tiny_printf.o
strlen                                            c:/program files (x86)/atollic/truestudio for stm32 9.2.0/armtools/bin/../lib/gcc/arm-atollic-eabi/6.3.1/../../../../arm-atollic-eabi/lib/armv7e-m/fpu\libc_nano.a(lib_a-strlen.o)
                                                  src\tiny_printf.o
ts_formatlength                                   src\tiny_printf.o
ts_formatstring                                   src\tiny_printf.o
ts_itoa                                           src\tiny_printf.o
unsigned long const& std::min<unsigned long>(unsigned long const&, unsigned long const&) src\USB.o
unsigned short const& std::min<unsigned short>(unsigned short const&, unsigned short const&) src\USB.o
usb                                               src\main.o
usbEventNo                                        src\main.o
                                                  src\USB.o
usbEvents                                         src\main.o
                                                  src\USB.o
