core_cm4.h:1494:22:void NVIC_EnableIRQ(IRQn_Type)	16	static
core_cm4.h:1577:22:void NVIC_SetPriority(IRQn_Type, uint32_t)	16	static
initialisation.cpp:9:6:void SystemClock_Config()	4	static
initialisation.cpp:46:6:void InitBtnLED()	4	static
initialisation.cpp:61:6:void InitSysTick()	8	static
initialisation.cpp:78:6:void InitLCDHardware()	4	static
initialisation.cpp:124:6:void InitSampleAcquisition()	8	static
initialisation.cpp:138:6:void InitCoverageTimer()	8	static
initialisation.cpp:150:6:void InitDebounceTimer()	4	static
initialisation.cpp:157:6:void InitEncoders()	8	static
initialisation.cpp:225:6:void InitUART()	16	static
initialisation.cpp:249:6:void InitDAC()	4	static
